stm32f7xx_hal_hcd.c:188:19:HAL_HCD_HC_Init	48	static
stm32f7xx_hal_hcd.c:236:19:HAL_HCD_HC_Halt	8	static
stm32f7xx_hal_hcd.c:277:14:HAL_HCD_MspInit	0	static
stm32f7xx_hal_hcd.c:125:19:HAL_HCD_Init	64	static
stm32f7xx_hal_hcd.c:292:14:HAL_HCD_MspDeInit	0	static
stm32f7xx_hal_hcd.c:252:19:HAL_HCD_DeInit	8	static
stm32f7xx_hal_hcd.c:344:19:HAL_HCD_HC_SubmitRequest	20	static
stm32f7xx_hal_hcd.c:569:13:HAL_HCD_SOF_Callback	0	static
stm32f7xx_hal_hcd.c:584:13:HAL_HCD_Connect_Callback	0	static
stm32f7xx_hal_hcd.c:599:13:HAL_HCD_Disconnect_Callback	0	static
stm32f7xx_hal_hcd.c:614:13:HAL_HCD_PortEnabled_Callback	0	static
stm32f7xx_hal_hcd.c:629:13:HAL_HCD_PortDisabled_Callback	0	static
stm32f7xx_hal_hcd.c:654:13:HAL_HCD_HC_NotifyURBChange_Callback	0	static
stm32f7xx_hal_hcd.c:465:6:HAL_HCD_IRQHandler	64	static
stm32f7xx_hal_hcd.c:690:19:HAL_HCD_Start	16	static
stm32f7xx_hal_hcd.c:705:19:HAL_HCD_Stop	8	static
stm32f7xx_hal_hcd.c:718:19:HAL_HCD_ResetPort	0	static
stm32f7xx_hal_hcd.c:747:18:HAL_HCD_GetState	0	static
stm32f7xx_hal_hcd.c:766:21:HAL_HCD_HC_GetURBState	0	static
stm32f7xx_hal_hcd.c:779:10:HAL_HCD_HC_GetXferCount	0	static
stm32f7xx_hal_hcd.c:801:21:HAL_HCD_HC_GetState	0	static
stm32f7xx_hal_hcd.c:811:10:HAL_HCD_GetCurrentFrame	0	static
stm32f7xx_hal_hcd.c:821:10:HAL_HCD_GetCurrentSpeed	0	static
