usbh_conf.c:89:6:HAL_HCD_MspInit	40	static
usbh_conf.c:121:6:HAL_HCD_MspDeInit	8	static
usbh_conf.c:151:6:HAL_HCD_SOF_Callback	0	static
usbh_conf.c:161:6:HAL_HCD_Connect_Callback	0	static
usbh_conf.c:171:6:HAL_HCD_Disconnect_Callback	0	static
usbh_conf.c:183:6:HAL_HCD_HC_NotifyURBChange_Callback	0	static
usbh_conf.c:195:6:HAL_HCD_PortEnabled_Callback	0	static
usbh_conf.c:205:6:HAL_HCD_PortDisabled_Callback	0	static
usbh_conf.c:219:20:USBH_LL_Init	8	static
usbh_conf.c:248:20:USBH_LL_DeInit	8	static
usbh_conf.c:280:20:USBH_LL_Start	8	static
usbh_conf.c:312:20:USBH_LL_Stop	8	static
usbh_conf.c:344:19:USBH_LL_GetSpeed	8	static
usbh_conf.c:374:20:USBH_LL_ResetPort	8	static
usbh_conf.c:406:10:USBH_LL_GetLastXferSize	0	static
usbh_conf.c:422:20:USBH_LL_OpenPipe	24	static
usbh_conf.c:457:20:USBH_LL_ClosePipe	8	static
usbh_conf.c:511:20:USBH_LL_SubmitURB	24	static
usbh_conf.c:556:22:USBH_LL_GetURBState	0	static
usbh_conf.c:570:20:USBH_LL_DriverVBUS	8	static
usbh_conf.c:607:20:USBH_LL_SetToggle	0	static
usbh_conf.c:630:9:USBH_LL_GetToggle	0	static
usbh_conf.c:652:6:USBH_Delay	0	static
