Archive member included to satisfy reference by file (symbol)

c:/program files (x86)/atollic/truestudio for stm32 9.1.0/armtools/bin/../lib/gcc/arm-atollic-eabi/6.3.1/../../../../arm-atollic-eabi/lib/armv7e-m/fpu/fpv5-d16\libc_nano.a(lib_a-init.o)
                              Application\TrueSTUDIO\startup_stm32f767xx.o (__libc_init_array)
c:/program files (x86)/atollic/truestudio for stm32 9.1.0/armtools/bin/../lib/gcc/arm-atollic-eabi/6.3.1/../../../../arm-atollic-eabi/lib/armv7e-m/fpu/fpv5-d16\libc_nano.a(lib_a-malloc.o)
                              Middlewares\LibJPEG\jdatadst.o (malloc)
c:/program files (x86)/atollic/truestudio for stm32 9.1.0/armtools/bin/../lib/gcc/arm-atollic-eabi/6.3.1/../../../../arm-atollic-eabi/lib/armv7e-m/fpu/fpv5-d16\libc_nano.a(lib_a-memcpy-stub.o)
                              Middlewares\LibJPEG\jcparam.o (memcpy)
c:/program files (x86)/atollic/truestudio for stm32 9.1.0/armtools/bin/../lib/gcc/arm-atollic-eabi/6.3.1/../../../../arm-atollic-eabi/lib/armv7e-m/fpu/fpv5-d16\libc_nano.a(lib_a-memset.o)
                              Middlewares\LibJPEG\jcapimin.o (memset)
c:/program files (x86)/atollic/truestudio for stm32 9.1.0/armtools/bin/../lib/gcc/arm-atollic-eabi/6.3.1/../../../../arm-atollic-eabi/lib/armv7e-m/fpu/fpv5-d16\libc_nano.a(lib_a-nano-freer.o)
                              c:/program files (x86)/atollic/truestudio for stm32 9.1.0/armtools/bin/../lib/gcc/arm-atollic-eabi/6.3.1/../../../../arm-atollic-eabi/lib/armv7e-m/fpu/fpv5-d16\libc_nano.a(lib_a-malloc.o) (_free_r)
c:/program files (x86)/atollic/truestudio for stm32 9.1.0/armtools/bin/../lib/gcc/arm-atollic-eabi/6.3.1/../../../../arm-atollic-eabi/lib/armv7e-m/fpu/fpv5-d16\libc_nano.a(lib_a-nano-mallocr.o)
                              c:/program files (x86)/atollic/truestudio for stm32 9.1.0/armtools/bin/../lib/gcc/arm-atollic-eabi/6.3.1/../../../../arm-atollic-eabi/lib/armv7e-m/fpu/fpv5-d16\libc_nano.a(lib_a-malloc.o) (_malloc_r)
c:/program files (x86)/atollic/truestudio for stm32 9.1.0/armtools/bin/../lib/gcc/arm-atollic-eabi/6.3.1/../../../../arm-atollic-eabi/lib/armv7e-m/fpu/fpv5-d16\libc_nano.a(lib_a-sbrkr.o)
                              c:/program files (x86)/atollic/truestudio for stm32 9.1.0/armtools/bin/../lib/gcc/arm-atollic-eabi/6.3.1/../../../../arm-atollic-eabi/lib/armv7e-m/fpu/fpv5-d16\libc_nano.a(lib_a-nano-mallocr.o) (_sbrk_r)
c:/program files (x86)/atollic/truestudio for stm32 9.1.0/armtools/bin/../lib/gcc/arm-atollic-eabi/6.3.1/../../../../arm-atollic-eabi/lib/armv7e-m/fpu/fpv5-d16\libc_nano.a(lib_a-sprintf.o)
                              Middlewares\LibJPEG\jerror.o (sprintf)
c:/program files (x86)/atollic/truestudio for stm32 9.1.0/armtools/bin/../lib/gcc/arm-atollic-eabi/6.3.1/../../../../arm-atollic-eabi/lib/armv7e-m/fpu/fpv5-d16\libc_nano.a(lib_a-impure.o)
                              c:/program files (x86)/atollic/truestudio for stm32 9.1.0/armtools/bin/../lib/gcc/arm-atollic-eabi/6.3.1/../../../../arm-atollic-eabi/lib/armv7e-m/fpu/fpv5-d16\libc_nano.a(lib_a-malloc.o) (_impure_ptr)
c:/program files (x86)/atollic/truestudio for stm32 9.1.0/armtools/bin/../lib/gcc/arm-atollic-eabi/6.3.1/../../../../arm-atollic-eabi/lib/armv7e-m/fpu/fpv5-d16\libc_nano.a(lib_a-mlock.o)
                              c:/program files (x86)/atollic/truestudio for stm32 9.1.0/armtools/bin/../lib/gcc/arm-atollic-eabi/6.3.1/../../../../arm-atollic-eabi/lib/armv7e-m/fpu/fpv5-d16\libc_nano.a(lib_a-nano-freer.o) (__malloc_lock)
c:/program files (x86)/atollic/truestudio for stm32 9.1.0/armtools/bin/../lib/gcc/arm-atollic-eabi/6.3.1/../../../../arm-atollic-eabi/lib/armv7e-m/fpu/fpv5-d16\libc_nano.a(lib_a-nano-svfprintf.o)
                              c:/program files (x86)/atollic/truestudio for stm32 9.1.0/armtools/bin/../lib/gcc/arm-atollic-eabi/6.3.1/../../../../arm-atollic-eabi/lib/armv7e-m/fpu/fpv5-d16\libc_nano.a(lib_a-sprintf.o) (_svfprintf_r)
c:/program files (x86)/atollic/truestudio for stm32 9.1.0/armtools/bin/../lib/gcc/arm-atollic-eabi/6.3.1/../../../../arm-atollic-eabi/lib/armv7e-m/fpu/fpv5-d16\libc_nano.a(lib_a-nano-vfprintf_i.o)
                              c:/program files (x86)/atollic/truestudio for stm32 9.1.0/armtools/bin/../lib/gcc/arm-atollic-eabi/6.3.1/../../../../arm-atollic-eabi/lib/armv7e-m/fpu/fpv5-d16\libc_nano.a(lib_a-nano-svfprintf.o) (_printf_i)
c:/program files (x86)/atollic/truestudio for stm32 9.1.0/armtools/bin/../lib/gcc/arm-atollic-eabi/6.3.1/../../../../arm-atollic-eabi/lib/armv7e-m/fpu/fpv5-d16\libc_nano.a(lib_a-reent.o)
                              c:/program files (x86)/atollic/truestudio for stm32 9.1.0/armtools/bin/../lib/gcc/arm-atollic-eabi/6.3.1/../../../../arm-atollic-eabi/lib/armv7e-m/fpu/fpv5-d16\libc_nano.a(lib_a-sbrkr.o) (errno)
c:/program files (x86)/atollic/truestudio for stm32 9.1.0/armtools/bin/../lib/gcc/arm-atollic-eabi/6.3.1/../../../../arm-atollic-eabi/lib/armv7e-m/fpu/fpv5-d16\libc_nano.a(lib_a-memchr.o)
[...]
Memory Configuration

Name             Origin             Length             Attributes
RAM              0x20000000         0x00080000         xrw
FLASH            0x08000000         0x00200000         xr
*default*        0x00000000         0xffffffff

Linker script and memory map

LOAD c:/program files (x86)/atollic/truestudio for stm32 9.1.0/armtools/bin/../lib/gcc/arm-atollic-eabi/6.3.1/armv7e-m/fpu/fpv5-d16/crti.o
LOAD c:/program files (x86)/atollic/truestudio for stm32 9.1.0/armtools/bin/../lib/gcc/arm-atollic-eabi/6.3.1/armv7e-m/fpu/fpv5-d16/crtbegin.o
LOAD Application\TrueSTUDIO\startup_stm32f767xx.o
LOAD Application\User\crc.o
LOAD Application\User\dcmi.o
LOAD Application\User\dma.o
LOAD Application\User\fatfs.o
LOAD Application\User\fmc.o
LOAD Application\User\gpio.o
LOAD Application\User\i2c.o
LOAD Application\User\jdata_conf.o
LOAD Application\User\libjpeg.o
LOAD Application\User\main.o
LOAD Application\User\stm32f7xx_hal_msp.o
LOAD Application\User\stm32f7xx_it.o
LOAD Application\User\usart.o
LOAD Application\User\usb_device.o
LOAD Application\User\usb_host.o
LOAD Application\User\usbd_cdc_if.o
LOAD Application\User\usbd_conf.o
LOAD Application\User\usbd_desc.o
LOAD Application\User\usbh_conf.o
LOAD Application\User\usbh_diskio.o
LOAD Drivers\CMSIS\system_stm32f7xx.o
LOAD Drivers\STM32F7xx_HAL_Driver\stm32f7xx_hal.o
LOAD Drivers\STM32F7xx_HAL_Driver\stm32f7xx_hal_cortex.o
LOAD Drivers\STM32F7xx_HAL_Driver\stm32f7xx_hal_crc.o
LOAD Drivers\STM32F7xx_HAL_Driver\stm32f7xx_hal_crc_ex.o
LOAD Drivers\STM32F7xx_HAL_Driver\stm32f7xx_hal_dcmi.o
LOAD Drivers\STM32F7xx_HAL_Driver\stm32f7xx_hal_dcmi_ex.o
LOAD Drivers\STM32F7xx_HAL_Driver\stm32f7xx_hal_dma.o
LOAD Drivers\STM32F7xx_HAL_Driver\stm32f7xx_hal_dma_ex.o
LOAD Drivers\STM32F7xx_HAL_Driver\stm32f7xx_hal_flash.o
LOAD Drivers\STM32F7xx_HAL_Driver\stm32f7xx_hal_flash_ex.o
LOAD Drivers\STM32F7xx_HAL_Driver\stm32f7xx_hal_gpio.o
LOAD Drivers\STM32F7xx_HAL_Driver\stm32f7xx_hal_hcd.o
LOAD Drivers\STM32F7xx_HAL_Driver\stm32f7xx_hal_i2c.o
LOAD Drivers\STM32F7xx_HAL_Driver\stm32f7xx_hal_i2c_ex.o
LOAD Drivers\STM32F7xx_HAL_Driver\stm32f7xx_hal_pcd.o
LOAD Drivers\STM32F7xx_HAL_Driver\stm32f7xx_hal_pcd_ex.o
LOAD Drivers\STM32F7xx_HAL_Driver\stm32f7xx_hal_pwr.o
LOAD Drivers\STM32F7xx_HAL_Driver\stm32f7xx_hal_pwr_ex.o
LOAD Drivers\STM32F7xx_HAL_Driver\stm32f7xx_hal_rcc.o
LOAD Drivers\STM32F7xx_HAL_Driver\stm32f7xx_hal_rcc_ex.o
LOAD Drivers\STM32F7xx_HAL_Driver\stm32f7xx_hal_sdram.o
LOAD Drivers\STM32F7xx_HAL_Driver\stm32f7xx_hal_tim.o
LOAD Drivers\STM32F7xx_HAL_Driver\stm32f7xx_hal_tim_ex.o
LOAD Drivers\STM32F7xx_HAL_Driver\stm32f7xx_hal_uart.o
LOAD Drivers\STM32F7xx_HAL_Driver\stm32f7xx_ll_fmc.o
LOAD Drivers\STM32F7xx_HAL_Driver\stm32f7xx_ll_usb.o
LOAD Middlewares\FatFs\ccsbcs.o
LOAD Middlewares\FatFs\diskio.o
LOAD Middlewares\FatFs\ff.o
LOAD Middlewares\FatFs\ff_gen_drv.o
LOAD Middlewares\FatFs\syscall.o
LOAD Middlewares\LibJPEG\jaricom.o
LOAD Middlewares\LibJPEG\jcapimin.o
LOAD Middlewares\LibJPEG\jcapistd.o
LOAD Middlewares\LibJPEG\jcarith.o
LOAD Middlewares\LibJPEG\jccoefct.o
LOAD Middlewares\LibJPEG\jccolor.o
LOAD Middlewares\LibJPEG\jcdctmgr.o
LOAD Middlewares\LibJPEG\jchuff.o
LOAD Middlewares\LibJPEG\jcinit.o
LOAD Middlewares\LibJPEG\jcmainct.o
LOAD Middlewares\LibJPEG\jcmarker.o
LOAD Middlewares\LibJPEG\jcmaster.o
LOAD Middlewares\LibJPEG\jcomapi.o
LOAD Middlewares\LibJPEG\jcparam.o
LOAD Middlewares\LibJPEG\jcprepct.o
LOAD Middlewares\LibJPEG\jcsample.o
LOAD Middlewares\LibJPEG\jctrans.o
LOAD Middlewares\LibJPEG\jdapimin.o
LOAD Middlewares\LibJPEG\jdapistd.o
LOAD Middlewares\LibJPEG\jdarith.o
LOAD Middlewares\LibJPEG\jdatadst.o
LOAD Middlewares\LibJPEG\jdatasrc.o
LOAD Middlewares\LibJPEG\jdcoefct.o
LOAD Middlewares\LibJPEG\jdcolor.o
LOAD Middlewares\LibJPEG\jddctmgr.o
LOAD Middlewares\LibJPEG\jdhuff.o
LOAD Middlewares\LibJPEG\jdinput.o
LOAD Middlewares\LibJPEG\jdmainct.o
LOAD Middlewares\LibJPEG\jdmarker.o
LOAD Middlewares\LibJPEG\jdmaster.o
LOAD Middlewares\LibJPEG\jdmerge.o
LOAD Middlewares\LibJPEG\jdpostct.o
LOAD Middlewares\LibJPEG\jdsample.o
LOAD Middlewares\LibJPEG\jdtrans.o
LOAD Middlewares\LibJPEG\jerror.o
LOAD Middlewares\LibJPEG\jfdctflt.o
LOAD Middlewares\LibJPEG\jfdctfst.o
LOAD Middlewares\LibJPEG\jfdctint.o
LOAD Middlewares\LibJPEG\jidctflt.o
LOAD Middlewares\LibJPEG\jidctfst.o
LOAD Middlewares\LibJPEG\jidctint.o
LOAD Middlewares\LibJPEG\jmemmgr.o
LOAD Middlewares\LibJPEG\jmemnobs.o
LOAD Middlewares\LibJPEG\jquant1.o
LOAD Middlewares\LibJPEG\jquant2.o
LOAD Middlewares\LibJPEG\jutils.o
LOAD Middlewares\USB_Device_Library\usbd_cdc.o
LOAD Middlewares\USB_Device_Library\usbd_core.o
LOAD Middlewares\USB_Device_Library\usbd_ctlreq.o
LOAD Middlewares\USB_Device_Library\usbd_ioreq.o
LOAD Middlewares\USB_Host_Library\usbh_core.o
LOAD Middlewares\USB_Host_Library\usbh_ctlreq.o
LOAD Middlewares\USB_Host_Library\usbh_ioreq.o
LOAD Middlewares\USB_Host_Library\usbh_msc.o
LOAD Middlewares\USB_Host_Library\usbh_msc_bot.o
LOAD Middlewares\USB_Host_Library\usbh_msc_scsi.o
LOAD Middlewares\USB_Host_Library\usbh_pipes.o
                0x00000080                malloc_getpagesize_P = 0x80
START GROUP
LOAD c:/program files (x86)/atollic/truestudio for stm32 9.1.0/armtools/bin/../lib/gcc/arm-atollic-eabi/6.3.1/../../../../arm-atollic-eabi/lib/armv7e-m/fpu/fpv5-d16\libc_nano.a
LOAD c:/program files (x86)/atollic/truestudio for stm32 9.1.0/armtools/bin/../lib/gcc/arm-atollic-eabi/6.3.1/../../../../arm-atollic-eabi/lib/armv7e-m/fpu/fpv5-d16\libm.a
END GROUP
START GROUP
LOAD c:/program files (x86)/atollic/truestudio for stm32 9.1.0/armtools/bin/../lib/gcc/arm-atollic-eabi/6.3.1/armv7e-m/fpu/fpv5-d16\libgcc.a
LOAD c:/program files (x86)/atollic/truestudio for stm32 9.1.0/armtools/bin/../lib/gcc/arm-atollic-eabi/6.3.1/../../../../arm-atollic-eabi/lib/armv7e-m/fpu/fpv5-d16\libc_nano.a
END GROUP
START GROUP
LOAD c:/program files (x86)/atollic/truestudio for stm32 9.1.0/armtools/bin/../lib/gcc/arm-atollic-eabi/6.3.1/armv7e-m/fpu/fpv5-d16\libgcc.a
LOAD c:/program files (x86)/atollic/truestudio for stm32 9.1.0/armtools/bin/../lib/gcc/arm-atollic-eabi/6.3.1/../../../../arm-atollic-eabi/lib/armv7e-m/fpu/fpv5-d16\libc_nano.a
LOAD c:/program files (x86)/atollic/truestudio for stm32 9.1.0/armtools/bin/../lib/gcc/arm-atollic-eabi/6.3.1/../../../../arm-atollic-eabi/lib/armv7e-m/fpu/fpv5-d16\libnosys.a
END GROUP
START GROUP
LOAD c:/program files (x86)/atollic/truestudio for stm32 9.1.0/armtools/bin/../lib/gcc/arm-atollic-eabi/6.3.1/armv7e-m/fpu/fpv5-d16\libgcc.a
LOAD c:/program files (x86)/atollic/truestudio for stm32 9.1.0/armtools/bin/../lib/gcc/arm-atollic-eabi/6.3.1/../../../../arm-atollic-eabi/lib/armv7e-m/fpu/fpv5-d16\libc_nano.a
LOAD c:/program files (x86)/atollic/truestudio for stm32 9.1.0/armtools/bin/../lib/gcc/arm-atollic-eabi/6.3.1/../../../../arm-atollic-eabi/lib/armv7e-m/fpu/fpv5-d16\libnosys.a
END GROUP
LOAD c:/program files (x86)/atollic/truestudio for stm32 9.1.0/armtools/bin/../lib/gcc/arm-atollic-eabi/6.3.1/armv7e-m/fpu/fpv5-d16/crtend.o
LOAD c:/program files (x86)/atollic/truestudio for stm32 9.1.0/armtools/bin/../lib/gcc/arm-atollic-eabi/6.3.1/armv7e-m/fpu/fpv5-d16/crtn.o
                0x20080000                _estack = 0x20080000
                0x00010000                _Min_Heap_Size = 0x10000
                0x00012000                _Min_Stack_Size = 0x12000

.isr_vector     0x08000000      0x1f8
                0x08000000                . = ALIGN (0x4)
 *(.isr_vector)
 .isr_vector    0x08000000      0x1f8 Application\TrueSTUDIO\startup_stm32f767xx.o
                0x08000000                g_pfnVectors
                0x080001f8                . = ALIGN (0x4)

.text           0x080001f8     0x6f30
                0x080001f8                . = ALIGN (0x4)
 *(.text)
 .text          0x080001f8       0x40 c:/program files (x86)/atollic/truestudio for stm32 9.1.0/armtools/bin/../lib/gcc/arm-atollic-eabi/6.3.1/armv7e-m/fpu/fpv5-d16/crtbegin.o
 .text          0x08000238       0x30 c:/program files (x86)/atollic/truestudio for stm32 9.1.0/armtools/bin/../lib/gcc/arm-atollic-eabi/6.3.1/armv7e-m/fpu/fpv5-d16\libgcc.a(_aeabi_uldivmod.o)
                0x08000238                __aeabi_uldivmod
 .text          0x08000268      0x2dc c:/program files (x86)/atollic/truestudio for stm32 9.1.0/armtools/bin/../lib/gcc/arm-atollic-eabi/6.3.1/armv7e-m/fpu/fpv5-d16\libgcc.a(_udivmoddi4.o)
                0x08000268                __udivmoddi4
 .text          0x08000544        0x4 c:/program files (x86)/atollic/truestudio for stm32 9.1.0/armtools/bin/../lib/gcc/arm-atollic-eabi/6.3.1/armv7e-m/fpu/fpv5-d16\libgcc.a(_dvmd_tls.o)
                0x08000544                __aeabi_idiv0
                0x08000544                __aeabi_ldiv0
 *(.text*)
 .text.Reset_Handler
                0x08000548       0x50 Application\TrueSTUDIO\startup_stm32f767xx.o
                0x08000548                Reset_Handler
 .text.Default_Handler
                0x08000598        0x2 Application\TrueSTUDIO\startup_stm32f767xx.o
                0x08000598                RTC_Alarm_IRQHandler
                0x08000598                EXTI2_IRQHandler
                0x08000598                TIM8_CC_IRQHandler
                0x08000598                UART8_IRQHandler
                0x08000598                SPI4_IRQHandler
                0x08000598                TIM1_CC_IRQHandler
                0x08000598                DMA2_Stream5_IRQHandler
                0x08000598                JPEG_IRQHandler
                0x08000598                DMA1_Stream5_IRQHandler
                0x08000598                CAN3_RX1_IRQHandler
                0x08000598                PVD_IRQHandler
                0x08000598                TAMP_STAMP_IRQHandler
                0x08000598                CAN2_RX1_IRQHandler
                0x08000598                EXTI3_IRQHandler
                0x08000598                TIM8_TRG_COM_TIM14_IRQHandler
                0x08000598                DFSDM1_FLT1_IRQHandler
                0x08000598                TIM1_UP_TIM10_IRQHandler
                0x08000598                TIM8_UP_TIM13_IRQHandler
                0x08000598                I2C3_ER_IRQHandler
                0x08000598                DFSDM1_FLT2_IRQHandler
                0x08000598                EXTI0_IRQHandler
                0x08000598                I2C2_EV_IRQHandler
                0x08000598                DMA1_Stream2_IRQHandler
                0x08000598                CAN1_RX0_IRQHandler
                0x08000598                FPU_IRQHandler
                0x08000598                OTG_HS_WKUP_IRQHandler
                0x08000598                CAN3_SCE_IRQHandler
                0x08000598                LTDC_ER_IRQHandler
                0x08000598                CAN2_SCE_IRQHandler
                0x08000598                DMA2_Stream2_IRQHandler
                0x08000598                SPI1_IRQHandler
                0x08000598                TIM6_DAC_IRQHandler
                0x08000598                TIM1_BRK_TIM9_IRQHandler
                0x08000598                CAN2_RX0_IRQHandler
                0x08000598                DMA2_Stream3_IRQHandler
                0x08000598                SAI2_IRQHandler
                0x08000598                DFSDM1_FLT3_IRQHandler
                0x08000598                USART6_IRQHandler
                0x08000598                CAN3_RX0_IRQHandler
                0x08000598                USART3_IRQHandler
                0x08000598                CAN1_RX1_IRQHandler
                0x08000598                UART5_IRQHandler
                0x08000598                DMA2_Stream0_IRQHandler
                0x08000598                TIM4_IRQHandler
                0x08000598                QUADSPI_IRQHandler
                0x08000598                I2C1_EV_IRQHandler
                0x08000598                DMA1_Stream6_IRQHandler
                0x08000598                DMA1_Stream1_IRQHandler
                0x08000598                UART4_IRQHandler
                0x08000598                TIM3_IRQHandler
                0x08000598                TIM8_BRK_TIM12_IRQHandler
                0x08000598                Default_Handler
                0x08000598                CEC_IRQHandler
                0x08000598                EXTI15_10_IRQHandler
                0x08000598                ADC_IRQHandler
                0x08000598                DMA1_Stream7_IRQHandler
                0x08000598                SPI5_IRQHandler
                0x08000598                TIM7_IRQHandler
                0x08000598                SDMMC1_IRQHandler
                0x08000598                CAN2_TX_IRQHandler
                0x08000598                TIM5_IRQHandler
                0x08000598                DMA2_Stream7_IRQHandler
                0x08000598                I2C3_EV_IRQHandler
                0x08000598                EXTI9_5_IRQHandler
                0x08000598                RTC_WKUP_IRQHandler
                0x08000598                LTDC_IRQHandler
                0x08000598                ETH_WKUP_IRQHandler
                0x08000598                SPDIF_RX_IRQHandler
                0x08000598                SPI2_IRQHandler
                0x08000598                OTG_HS_EP1_IN_IRQHandler
                0x08000598                DMA1_Stream0_IRQHandler
                0x08000598                CAN1_TX_IRQHandler
                0x08000598                EXTI4_IRQHandler
                0x08000598                RNG_IRQHandler
                0x08000598                ETH_IRQHandler
                0x08000598                OTG_HS_EP1_OUT_IRQHandler
                0x08000598                WWDG_IRQHandler
                0x08000598                SPI6_IRQHandler
                0x08000598                MDIOS_IRQHandler
                0x08000598                I2C4_EV_IRQHandler
                0x08000598                CAN3_TX_IRQHandler
                0x08000598                TIM2_IRQHandler
                0x08000598                OTG_FS_WKUP_IRQHandler
                0x08000598                TIM1_TRG_COM_TIM11_IRQHandler
                0x08000598                DMA2D_IRQHandler
                0x08000598                EXTI1_IRQHandler
                0x08000598                SDMMC2_IRQHandler
                0x08000598                UART7_IRQHandler
                0x08000598                USART2_IRQHandler
                0x08000598                DFSDM1_FLT0_IRQHandler
                0x08000598                I2C2_ER_IRQHandler
                0x08000598                CAN1_SCE_IRQHandler
                0x08000598                FLASH_IRQHandler
                0x08000598                DMA2_Stream4_IRQHandler
                0x08000598                USART1_IRQHandler
                0x08000598                SPI3_IRQHandler
                0x08000598                DMA1_Stream4_IRQHandler
                0x08000598                I2C1_ER_IRQHandler
                0x08000598                LPTIM1_IRQHandler
                0x08000598                I2C4_ER_IRQHandler
                0x08000598                DMA2_Stream6_IRQHandler
                0x08000598                SAI1_IRQHandler
                0x08000598                DMA1_Stream3_IRQHandler
 *fill*         0x0800059a        0x2 
 .text.MX_CRC_Init
                0x0800059c       0x38 Application\User\crc.o
                0x0800059c                MX_CRC_Init
 .text.HAL_CRC_MspInit
                0x080005d4       0x2c Application\User\crc.o
                0x080005d4                HAL_CRC_MspInit
 .text.MX_DCMI_Init
                0x08000600       0x44 Application\User\dcmi.o
                0x08000600                MX_DCMI_Init
 .text.HAL_DCMI_MspInit
                0x08000644      0x118 Application\User\dcmi.o
                0x08000644                HAL_DCMI_MspInit
 .text.MX_DMA_Init
                0x0800075c       0x30 Application\User\dma.o
                0x0800075c                MX_DMA_Init
 .text.MX_FATFS_Init
                0x0800078c       0x1c Application\User\fatfs.o
                0x0800078c                MX_FATFS_Init
 .text.MX_FMC_Init
                0x080007a8       0x6c Application\User\fmc.o
                0x080007a8                MX_FMC_Init
 .text.HAL_SDRAM_MspInit
                0x08000814       0xe8 Application\User\fmc.o
                0x08000814                HAL_SDRAM_MspInit
 .text.MX_GPIO_Init
                0x080008fc      0x118 Application\User\gpio.o
                0x080008fc                MX_GPIO_Init
 .text.MX_I2C1_Init
                0x08000a14       0x68 Application\User\i2c.o
                0x08000a14                MX_I2C1_Init
 .text.HAL_I2C_MspInit
                0x08000a7c       0x50 Application\User\i2c.o
                0x08000a7c                HAL_I2C_MspInit
 .text.MX_LIBJPEG_Init
                0x08000acc        0x2 Application\User\libjpeg.o
                0x08000acc                MX_LIBJPEG_Init
 *fill*         0x08000ace        0x2 
 .text.SystemClock_Config
                0x08000ad0       0xc8 Application\User\main.o
                0x08000ad0                SystemClock_Config
 .text.startup.main
                0x08000b98       0xc0 Application\User\main.o
                0x08000b98                main
 .text._Error_Handler
                0x08000c58        0x2 Application\User\main.o
                0x08000c58                _Error_Handler
 *fill*         0x08000c5a        0x2 
 .text.HAL_MspInit
                0x08000c5c       0x9c Application\User\stm32f7xx_hal_msp.o
                0x08000c5c                HAL_MspInit
 .text.NMI_Handler
                0x08000cf8        0x2 Application\User\stm32f7xx_it.o
                0x08000cf8                NMI_Handler
 .text.HardFault_Handler
                0x08000cfa        0x2 Application\User\stm32f7xx_it.o
                0x08000cfa                HardFault_Handler
 .text.MemManage_Handler
                0x08000cfc        0x2 Application\User\stm32f7xx_it.o
                0x08000cfc                MemManage_Handler
 .text.BusFault_Handler
                0x08000cfe        0x2 Application\User\stm32f7xx_it.o
                0x08000cfe                BusFault_Handler
 .text.UsageFault_Handler
                0x08000d00        0x2 Application\User\stm32f7xx_it.o
                0x08000d00                UsageFault_Handler
 .text.SVC_Handler
                0x08000d02        0x2 Application\User\stm32f7xx_it.o
                0x08000d02                SVC_Handler
 .text.DebugMon_Handler
                0x08000d04        0x2 Application\User\stm32f7xx_it.o
                0x08000d04                DebugMon_Handler
 .text.PendSV_Handler
                0x08000d06        0x2 Application\User\stm32f7xx_it.o
                0x08000d06                PendSV_Handler
 .text.SysTick_Handler
                0x08000d08        0xe Application\User\stm32f7xx_it.o
                0x08000d08                SysTick_Handler
 .text.RCC_IRQHandler
                0x08000d16        0x2 Application\User\stm32f7xx_it.o
                0x08000d16                RCC_IRQHandler
 .text.FMC_IRQHandler
                0x08000d18        0xc Application\User\stm32f7xx_it.o
                0x08000d18                FMC_IRQHandler
 .text.DMA2_Stream1_IRQHandler
                0x08000d24        0xc Application\User\stm32f7xx_it.o
                0x08000d24                DMA2_Stream1_IRQHandler
 .text.OTG_FS_IRQHandler
                0x08000d30        0xc Application\User\stm32f7xx_it.o
                0x08000d30                OTG_FS_IRQHandler
 .text.OTG_HS_IRQHandler
                0x08000d3c        0xc Application\User\stm32f7xx_it.o
                0x08000d3c                OTG_HS_IRQHandler
 .text.DCMI_IRQHandler
                0x08000d48        0xc Application\User\stm32f7xx_it.o
                0x08000d48                DCMI_IRQHandler
 .text.MX_USART2_UART_Init
                0x08000d54       0x44 Application\User\usart.o
                0x08000d54                MX_USART2_UART_Init
 .text.HAL_UART_MspInit
                0x08000d98       0x4c Application\User\usart.o
                0x08000d98                HAL_UART_MspInit
 .text.MX_USB_DEVICE_Init
                0x08000de4       0x38 Application\User\usb_device.o
                0x08000de4                MX_USB_DEVICE_Init
 .text.USBH_UserProcess
                0x08000e1c       0x24 Application\User\usb_host.o
 .text.MX_USB_HOST_Init
                0x08000e40       0x2c Application\User\usb_host.o
                0x08000e40                MX_USB_HOST_Init
 .text.MX_USB_HOST_Process
                0x08000e6c        0xc Application\User\usb_host.o
                0x08000e6c                MX_USB_HOST_Process
 .text.CDC_DeInit_HS
                0x08000e78        0x4 Application\User\usbd_cdc_if.o
 .text.CDC_Control_HS
                0x08000e7c        0x4 Application\User\usbd_cdc_if.o
 .text.CDC_Receive_HS
                0x08000e80       0x1c Application\User\usbd_cdc_if.o
 .text.CDC_Init_HS
                0x08000e9c       0x28 Application\User\usbd_cdc_if.o
 .text.HAL_PCD_MspInit
                0x08000ec4       0x60 Application\User\usbd_conf.o
                0x08000ec4                HAL_PCD_MspInit
 .text.HAL_PCD_SetupStageCallback
                0x08000f24        0xc Application\User\usbd_conf.o
                0x08000f24                HAL_PCD_SetupStageCallback
 .text.HAL_PCD_DataOutStageCallback
                0x08000f30       0x12 Application\User\usbd_conf.o
                0x08000f30                HAL_PCD_DataOutStageCallback
 .text.HAL_PCD_DataInStageCallback
                0x08000f42       0x10 Application\User\usbd_conf.o
                0x08000f42                HAL_PCD_DataInStageCallback
 .text.HAL_PCD_SOFCallback
                0x08000f52        0x8 Application\User\usbd_conf.o
                0x08000f52                HAL_PCD_SOFCallback
 .text.HAL_PCD_ResetCallback
                0x08000f5a       0x20 Application\User\usbd_conf.o
                0x08000f5a                HAL_PCD_ResetCallback
 *fill*         0x08000f7a        0x2 
 .text.HAL_PCD_SuspendCallback
                0x08000f7c       0x30 Application\User\usbd_conf.o
                0x08000f7c                HAL_PCD_SuspendCallback
 .text.HAL_PCD_ResumeCallback
                0x08000fac        0x8 Application\User\usbd_conf.o
                0x08000fac                HAL_PCD_ResumeCallback
 .text.HAL_PCD_ISOOUTIncompleteCallback
                0x08000fb4        0x8 Application\User\usbd_conf.o
                0x08000fb4                HAL_PCD_ISOOUTIncompleteCallback
 .text.HAL_PCD_ISOINIncompleteCallback
                0x08000fbc        0x8 Application\User\usbd_conf.o
                0x08000fbc                HAL_PCD_ISOINIncompleteCallback
 .text.HAL_PCD_ConnectCallback
                0x08000fc4        0x8 Application\User\usbd_conf.o
                0x08000fc4                HAL_PCD_ConnectCallback
 .text.HAL_PCD_DisconnectCallback
                0x08000fcc        0x8 Application\User\usbd_conf.o
                0x08000fcc                HAL_PCD_DisconnectCallback
 .text.USBD_LL_Init
                0x08000fd4       0x74 Application\User\usbd_conf.o
                0x08000fd4                USBD_LL_Init
 .text.USBD_LL_Start
                0x08001048       0x1c Application\User\usbd_conf.o
                0x08001048                USBD_LL_Start
 .text.USBD_LL_OpenEP
                0x08001064       0x20 Application\User\usbd_conf.o
                0x08001064                USBD_LL_OpenEP
 .text.USBD_LL_CloseEP
                0x08001084       0x1c Application\User\usbd_conf.o
                0x08001084                USBD_LL_CloseEP
 .text.USBD_LL_StallEP
                0x080010a0       0x1c Application\User\usbd_conf.o
                0x080010a0                USBD_LL_StallEP
 .text.USBD_LL_ClearStallEP
                0x080010bc       0x1c Application\User\usbd_conf.o
                0x080010bc                USBD_LL_ClearStallEP
 .text.USBD_LL_IsStallEP
                0x080010d8       0x26 Application\User\usbd_conf.o
                0x080010d8                USBD_LL_IsStallEP
 *fill*         0x080010fe        0x2 
 .text.USBD_LL_SetUSBAddress
                0x08001100       0x1c Application\User\usbd_conf.o
                0x08001100                USBD_LL_SetUSBAddress
 .text.USBD_LL_Transmit
                0x0800111c       0x1c Application\User\usbd_conf.o
                0x0800111c                USBD_LL_Transmit
 .text.USBD_LL_PrepareReceive
                0x08001138       0x1c Application\User\usbd_conf.o
                0x08001138                USBD_LL_PrepareReceive
 .text.USBD_LL_GetRxDataSize
                0x08001154        0xc Application\User\usbd_conf.o
                0x08001154                USBD_LL_GetRxDataSize
 .text.HAL_PCDEx_LPM_Callback
                0x08001160       0x64 Application\User\usbd_conf.o
                0x08001160                HAL_PCDEx_LPM_Callback
 .text.USBD_HS_DeviceDescriptor
                0x080011c4        0xc Application\User\usbd_desc.o
                0x080011c4                USBD_HS_DeviceDescriptor
 .text.USBD_HS_LangIDStrDescriptor
                0x080011d0        0xc Application\User\usbd_desc.o
                0x080011d0                USBD_HS_LangIDStrDescriptor
 .text.USBD_HS_USR_BOSDescriptor
                0x080011dc        0xc Application\User\usbd_desc.o
                0x080011dc                USBD_HS_USR_BOSDescriptor
 .text.USBD_HS_ManufacturerStrDescriptor
                0x080011e8       0x1c Application\User\usbd_desc.o
                0x080011e8                USBD_HS_ManufacturerStrDescriptor
 .text.USBD_HS_ProductStrDescriptor
                0x08001204       0x1c Application\User\usbd_desc.o
                0x08001204                USBD_HS_ProductStrDescriptor
 .text.USBD_HS_SerialStrDescriptor
                0x08001220       0x1c Application\User\usbd_desc.o
                0x08001220                USBD_HS_SerialStrDescriptor
 .text.USBD_HS_ConfigStrDescriptor
                0x0800123c       0x1c Application\User\usbd_desc.o
                0x0800123c                USBD_HS_ConfigStrDescriptor
 .text.USBD_HS_InterfaceStrDescriptor
                0x08001258       0x1c Application\User\usbd_desc.o
                0x08001258                USBD_HS_InterfaceStrDescriptor
 .text.HAL_HCD_MspInit
                0x08001274       0x6c Application\User\usbh_conf.o
                0x08001274                HAL_HCD_MspInit
 .text.HAL_HCD_SOF_Callback
                0x080012e0        0x8 Application\User\usbh_conf.o
                0x080012e0                HAL_HCD_SOF_Callback
 .text.HAL_HCD_Connect_Callback
                0x080012e8        0x8 Application\User\usbh_conf.o
                0x080012e8                HAL_HCD_Connect_Callback
 .text.HAL_HCD_Disconnect_Callback
                0x080012f0        0x8 Application\User\usbh_conf.o
                0x080012f0                HAL_HCD_Disconnect_Callback
 .text.HAL_HCD_HC_NotifyURBChange_Callback
                0x080012f8        0x2 Application\User\usbh_conf.o
                0x080012f8                HAL_HCD_HC_NotifyURBChange_Callback
 .text.HAL_HCD_PortEnabled_Callback
                0x080012fa        0x8 Application\User\usbh_conf.o
                0x080012fa                HAL_HCD_PortEnabled_Callback
 .text.HAL_HCD_PortDisabled_Callback
                0x08001302        0x8 Application\User\usbh_conf.o
                0x08001302                HAL_HCD_PortDisabled_Callback
 *fill*         0x0800130a        0x2 
 .text.USBH_LL_Init
                0x0800130c       0x58 Application\User\usbh_conf.o
                0x0800130c                USBH_LL_Init
 .text.USBH_LL_Start
                0x08001364       0x1c Application\User\usbh_conf.o
                0x08001364                USBH_LL_Start
 .text.USBH_LL_Stop
                0x08001380       0x1c Application\User\usbh_conf.o
                0x08001380                USBH_LL_Stop
 .text.USBH_LL_GetSpeed
                0x0800139c       0x1c Application\User\usbh_conf.o
                0x0800139c                USBH_LL_GetSpeed
 .text.USBH_LL_ResetPort
                0x080013b8       0x1c Application\User\usbh_conf.o
                0x080013b8                USBH_LL_ResetPort
 .text.USBH_LL_GetLastXferSize
                0x080013d4        0x8 Application\User\usbh_conf.o
                0x080013d4                USBH_LL_GetLastXferSize
 .text.USBH_LL_OpenPipe
                0x080013dc       0x30 Application\User\usbh_conf.o
                0x080013dc                USBH_LL_OpenPipe
 .text.USBH_LL_ClosePipe
                0x0800140c       0x1c Application\User\usbh_conf.o
                0x0800140c                USBH_LL_ClosePipe
 .text.USBH_LL_SubmitURB
                0x08001428       0x34 Application\User\usbh_conf.o
                0x08001428                USBH_LL_SubmitURB
 .text.USBH_LL_GetURBState
                0x0800145c        0x8 Application\User\usbh_conf.o
                0x0800145c                USBH_LL_GetURBState
 .text.USBH_LL_DriverVBUS
                0x08001464        0xc Application\User\usbh_conf.o
                0x08001464                USBH_LL_DriverVBUS
 .text.USBH_LL_SetToggle
                0x08001470       0x1e Application\User\usbh_conf.o
                0x08001470                USBH_LL_SetToggle
 .text.USBH_LL_GetToggle
                0x0800148e       0x1c Application\User\usbh_conf.o
                0x0800148e                USBH_LL_GetToggle
 .text.USBH_Delay
                0x080014aa        0x4 Application\User\usbh_conf.o
                0x080014aa                USBH_Delay
 .text.USBH_initialize
                0x080014ae        0x4 Application\User\usbh_diskio.o
                0x080014ae                USBH_initialize
 *fill*         0x080014b2        0x2 
 .text.USBH_status
                0x080014b4       0x18 Application\User\usbh_diskio.o
                0x080014b4                USBH_status
 .text.USBH_read
                0x080014cc       0x3c Application\User\usbh_diskio.o
                0x080014cc                USBH_read
 .text.USBH_ioctl
                0x08001508       0x60 Application\User\usbh_diskio.o
                0x08001508                USBH_ioctl
 .text.USBH_write
                0x08001568       0x48 Application\User\usbh_diskio.o
                0x08001568                USBH_write
 .text.SystemInit
                0x080015b0       0x4c Drivers\CMSIS\system_stm32f7xx.o
                0x080015b0                SystemInit
 .text.HAL_InitTick
                0x080015fc       0x48 Drivers\STM32F7xx_HAL_Driver\stm32f7xx_hal.o
                0x080015fc                HAL_InitTick
 .text.HAL_Init
                0x08001644       0x16 Drivers\STM32F7xx_HAL_Driver\stm32f7xx_hal.o
                0x08001644                HAL_Init
 *fill*         0x0800165a        0x2 
 .text.HAL_IncTick
                0x0800165c       0x18 Drivers\STM32F7xx_HAL_Driver\stm32f7xx_hal.o
                0x0800165c                HAL_IncTick
 .text.HAL_GetTick
                0x08001674        0xc Drivers\STM32F7xx_HAL_Driver\stm32f7xx_hal.o
                0x08001674                HAL_GetTick
 .text.HAL_Delay
                0x08001680       0x24 Drivers\STM32F7xx_HAL_Driver\stm32f7xx_hal.o
                0x08001680                HAL_Delay
 .text.HAL_NVIC_SetPriorityGrouping
                0x080016a4       0x24 Drivers\STM32F7xx_HAL_Driver\stm32f7xx_hal_cortex.o
                0x080016a4                HAL_NVIC_SetPriorityGrouping
 .text.HAL_NVIC_SetPriority
                0x080016c8       0x70 Drivers\STM32F7xx_HAL_Driver\stm32f7xx_hal_cortex.o
                0x080016c8                HAL_NVIC_SetPriority
 .text.HAL_NVIC_EnableIRQ
                0x08001738       0x18 Drivers\STM32F7xx_HAL_Driver\stm32f7xx_hal_cortex.o
                0x08001738                HAL_NVIC_EnableIRQ
 .text.HAL_SYSTICK_Config
                0x08001750       0x2c Drivers\STM32F7xx_HAL_Driver\stm32f7xx_hal_cortex.o
                0x08001750                HAL_SYSTICK_Config
 .text.HAL_SYSTICK_CLKSourceConfig
                0x0800177c       0x18 Drivers\STM32F7xx_HAL_Driver\stm32f7xx_hal_cortex.o
                0x0800177c                HAL_SYSTICK_CLKSourceConfig
 .text.HAL_SYSTICK_Callback
                0x08001794        0x2 Drivers\STM32F7xx_HAL_Driver\stm32f7xx_hal_cortex.o
                0x08001794                HAL_SYSTICK_Callback
 .text.HAL_SYSTICK_IRQHandler
                0x08001796        0x8 Drivers\STM32F7xx_HAL_Driver\stm32f7xx_hal_cortex.o
                0x08001796                HAL_SYSTICK_IRQHandler
 *fill*         0x0800179e        0x2 
 .text.HAL_CRC_Init
                0x080017a0       0x74 Drivers\STM32F7xx_HAL_Driver\stm32f7xx_hal_crc.o
                0x080017a0                HAL_CRC_Init
 .text.HAL_CRCEx_Polynomial_Set
                0x08001814       0x4c Drivers\STM32F7xx_HAL_Driver\stm32f7xx_hal_crc_ex.o
                0x08001814                HAL_CRCEx_Polynomial_Set
 .text.HAL_DCMI_Init
                0x08001860       0x8c Drivers\STM32F7xx_HAL_Driver\stm32f7xx_hal_dcmi.o
                0x08001860                HAL_DCMI_Init
 .text.HAL_DCMI_ErrorCallback
                0x080018ec        0x2 Drivers\STM32F7xx_HAL_Driver\stm32f7xx_hal_dcmi.o
                0x080018ec                HAL_DCMI_ErrorCallback
 .text.DCMI_DMAError
                0x080018ee       0x20 Drivers\STM32F7xx_HAL_Driver\stm32f7xx_hal_dcmi.o
 .text.HAL_DCMI_LineEventCallback
                0x0800190e        0x2 Drivers\STM32F7xx_HAL_Driver\stm32f7xx_hal_dcmi.o
                0x0800190e                HAL_DCMI_LineEventCallback
 .text.HAL_DCMI_VsyncEventCallback
                0x08001910        0x2 Drivers\STM32F7xx_HAL_Driver\stm32f7xx_hal_dcmi.o
                0x08001910                HAL_DCMI_VsyncEventCallback
 .text.HAL_DCMI_FrameEventCallback
                0x08001912        0x2 Drivers\STM32F7xx_HAL_Driver\stm32f7xx_hal_dcmi.o
                0x08001912                HAL_DCMI_FrameEventCallback
 .text.HAL_DCMI_IRQHandler
                0x08001914       0x94 Drivers\STM32F7xx_HAL_Driver\stm32f7xx_hal_dcmi.o
                0x08001914                HAL_DCMI_IRQHandler
 .text.DMA_CalcBaseAndBitshift
                0x080019a8       0x2c Drivers\STM32F7xx_HAL_Driver\stm32f7xx_hal_dma.o
 .text.HAL_DMA_Init
                0x080019d4       0xfc Drivers\STM32F7xx_HAL_Driver\stm32f7xx_hal_dma.o
                0x080019d4                HAL_DMA_Init
 .text.HAL_DMA_Abort_IT
                0x08001ad0       0x24 Drivers\STM32F7xx_HAL_Driver\stm32f7xx_hal_dma.o
                0x08001ad0                HAL_DMA_Abort_IT
 .text.HAL_DMA_IRQHandler
                0x08001af4      0x174 Drivers\STM32F7xx_HAL_Driver\stm32f7xx_hal_dma.o
                0x08001af4                HAL_DMA_IRQHandler
 .text.HAL_GPIO_Init
                0x08001c68      0x1d4 Drivers\STM32F7xx_HAL_Driver\stm32f7xx_hal_gpio.o
                0x08001c68                HAL_GPIO_Init
 .text.HAL_GPIO_WritePin
                0x08001e3c        0xa Drivers\STM32F7xx_HAL_Driver\stm32f7xx_hal_gpio.o
                0x08001e3c                HAL_GPIO_WritePin
 .text.HAL_HCD_HC_Init
                0x08001e46       0x72 Drivers\STM32F7xx_HAL_Driver\stm32f7xx_hal_hcd.o
                0x08001e46                HAL_HCD_HC_Init
 .text.HAL_HCD_HC_Halt
                0x08001eb8       0x24 Drivers\STM32F7xx_HAL_Driver\stm32f7xx_hal_hcd.o
                0x08001eb8                HAL_HCD_HC_Halt
 .text.HAL_HCD_Init
                0x08001edc       0x88 Drivers\STM32F7xx_HAL_Driver\stm32f7xx_hal_hcd.o
                0x08001edc                HAL_HCD_Init
 .text.HAL_HCD_HC_SubmitRequest
                0x08001f64       0xc4 Drivers\STM32F7xx_HAL_Driver\stm32f7xx_hal_hcd.o
                0x08001f64                HAL_HCD_HC_SubmitRequest
 .text.HAL_HCD_IRQHandler
                0x08002028      0x628 Drivers\STM32F7xx_HAL_Driver\stm32f7xx_hal_hcd.o
                0x08002028                HAL_HCD_IRQHandler
 .text.HAL_HCD_Start
                0x08002650       0x2c Drivers\STM32F7xx_HAL_Driver\stm32f7xx_hal_hcd.o
                0x08002650                HAL_HCD_Start
 .text.HAL_HCD_Stop
                0x0800267c       0x24 Drivers\STM32F7xx_HAL_Driver\stm32f7xx_hal_hcd.o
                0x0800267c                HAL_HCD_Stop
 .text.HAL_HCD_ResetPort
                0x080026a0        0x6 Drivers\STM32F7xx_HAL_Driver\stm32f7xx_hal_hcd.o
                0x080026a0                HAL_HCD_ResetPort
 .text.HAL_HCD_HC_GetURBState
                0x080026a6        0xc Drivers\STM32F7xx_HAL_Driver\stm32f7xx_hal_hcd.o
                0x080026a6                HAL_HCD_HC_GetURBState
 .text.HAL_HCD_HC_GetXferCount
                0x080026b2        0xa Drivers\STM32F7xx_HAL_Driver\stm32f7xx_hal_hcd.o
                0x080026b2                HAL_HCD_HC_GetXferCount
 .text.HAL_HCD_GetCurrentFrame
                0x080026bc        0x6 Drivers\STM32F7xx_HAL_Driver\stm32f7xx_hal_hcd.o
                0x080026bc                HAL_HCD_GetCurrentFrame
 .text.HAL_HCD_GetCurrentSpeed
                0x080026c2        0x6 Drivers\STM32F7xx_HAL_Driver\stm32f7xx_hal_hcd.o
                0x080026c2                HAL_HCD_GetCurrentSpeed
 .text.HAL_I2C_Init
                0x080026c8       0xa2 Drivers\STM32F7xx_HAL_Driver\stm32f7xx_hal_i2c.o
                0x080026c8                HAL_I2C_Init
 .text.HAL_I2CEx_ConfigAnalogFilter
                0x0800276a       0x4c Drivers\STM32F7xx_HAL_Driver\stm32f7xx_hal_i2c_ex.o
                0x0800276a                HAL_I2CEx_ConfigAnalogFilter
 .text.HAL_I2CEx_ConfigDigitalFilter
                0x080027b6       0x4a Drivers\STM32F7xx_HAL_Driver\stm32f7xx_hal_i2c_ex.o
                0x080027b6                HAL_I2CEx_ConfigDigitalFilter
 .text.HAL_PCD_Init
                0x08002800       0xe8 Drivers\STM32F7xx_HAL_Driver\stm32f7xx_hal_pcd.o
                0x08002800                HAL_PCD_Init
 .text.HAL_PCD_Start
                0x080028e8       0x2a Drivers\STM32F7xx_HAL_Driver\stm32f7xx_hal_pcd.o
                0x080028e8                HAL_PCD_Start
 *fill*         0x08002912        0x2 
 .text.HAL_PCD_IRQHandler
                0x08002914      0x664 Drivers\STM32F7xx_HAL_Driver\stm32f7xx_hal_pcd.o
                0x08002914                HAL_PCD_IRQHandler
 .text.HAL_PCD_SetAddress
                0x08002f78       0x28 Drivers\STM32F7xx_HAL_Driver\stm32f7xx_hal_pcd.o
                0x08002f78                HAL_PCD_SetAddress
 .text.HAL_PCD_EP_Open
                0x08002fa0       0x68 Drivers\STM32F7xx_HAL_Driver\stm32f7xx_hal_pcd.o
                0x08002fa0                HAL_PCD_EP_Open
 .text.HAL_PCD_EP_Close
                0x08003008       0x56 Drivers\STM32F7xx_HAL_Driver\stm32f7xx_hal_pcd.o
                0x08003008                HAL_PCD_EP_Close
 .text.HAL_PCD_EP_Receive
                0x0800305e       0x48 Drivers\STM32F7xx_HAL_Driver\stm32f7xx_hal_pcd.o
                0x0800305e                HAL_PCD_EP_Receive
 .text.HAL_PCD_EP_GetRxCount
                0x080030a6       0x10 Drivers\STM32F7xx_HAL_Driver\stm32f7xx_hal_pcd.o
                0x080030a6                HAL_PCD_EP_GetRxCount
 .text.HAL_PCD_EP_Transmit
                0x080030b6       0x40 Drivers\STM32F7xx_HAL_Driver\stm32f7xx_hal_pcd.o
                0x080030b6                HAL_PCD_EP_Transmit
 .text.HAL_PCD_EP_SetStall
                0x080030f6       0x74 Drivers\STM32F7xx_HAL_Driver\stm32f7xx_hal_pcd.o
                0x080030f6                HAL_PCD_EP_SetStall
 .text.HAL_PCD_EP_ClrStall
                0x0800316a       0x62 Drivers\STM32F7xx_HAL_Driver\stm32f7xx_hal_pcd.o
                0x0800316a                HAL_PCD_EP_ClrStall
 .text.HAL_PCDEx_SetTxFiFo
                0x080031cc       0x42 Drivers\STM32F7xx_HAL_Driver\stm32f7xx_hal_pcd_ex.o
                0x080031cc                HAL_PCDEx_SetTxFiFo
 .text.HAL_PCDEx_SetRxFiFo
                0x0800320e        0x8 Drivers\STM32F7xx_HAL_Driver\stm32f7xx_hal_pcd_ex.o
                0x0800320e                HAL_PCDEx_SetRxFiFo
 .text.HAL_PCDEx_ActivateLPM
                0x08003216       0x26 Drivers\STM32F7xx_HAL_Driver\stm32f7xx_hal_pcd_ex.o
                0x08003216                HAL_PCDEx_ActivateLPM
 .text.HAL_PWREx_EnableOverDrive
                0x0800323c       0x70 Drivers\STM32F7xx_HAL_Driver\stm32f7xx_hal_pwr_ex.o
                0x0800323c                HAL_PWREx_EnableOverDrive
 .text.HAL_RCC_OscConfig
                0x080032ac      0x328 Drivers\STM32F7xx_HAL_Driver\stm32f7xx_hal_rcc.o
                0x080032ac                HAL_RCC_OscConfig
 .text.HAL_RCC_GetSysClockFreq
                0x080035d4       0x5c Drivers\STM32F7xx_HAL_Driver\stm32f7xx_hal_rcc.o
                0x080035d4                HAL_RCC_GetSysClockFreq
 .text.HAL_RCC_ClockConfig
                0x08003630      0x13c Drivers\STM32F7xx_HAL_Driver\stm32f7xx_hal_rcc.o
                0x08003630                HAL_RCC_ClockConfig
 .text.HAL_RCC_GetHCLKFreq
                0x0800376c        0xc Drivers\STM32F7xx_HAL_Driver\stm32f7xx_hal_rcc.o
                0x0800376c                HAL_RCC_GetHCLKFreq
 .text.HAL_RCC_GetPCLK1Freq
                0x08003778       0x20 Drivers\STM32F7xx_HAL_Driver\stm32f7xx_hal_rcc.o
                0x08003778                HAL_RCC_GetPCLK1Freq
 .text.HAL_RCC_GetPCLK2Freq
                0x08003798       0x20 Drivers\STM32F7xx_HAL_Driver\stm32f7xx_hal_rcc.o
                0x08003798                HAL_RCC_GetPCLK2Freq
 .text.HAL_RCCEx_PeriphCLKConfig
                0x080037b8      0x55c Drivers\STM32F7xx_HAL_Driver\stm32f7xx_hal_rcc_ex.o
                0x080037b8                HAL_RCCEx_PeriphCLKConfig
 .text.HAL_SDRAM_Init
                0x08003d14       0x40 Drivers\STM32F7xx_HAL_Driver\stm32f7xx_hal_sdram.o
                0x08003d14                HAL_SDRAM_Init
 .text.HAL_SDRAM_RefreshErrorCallback
                0x08003d54        0x2 Drivers\STM32F7xx_HAL_Driver\stm32f7xx_hal_sdram.o
                0x08003d54                HAL_SDRAM_RefreshErrorCallback
 .text.HAL_SDRAM_IRQHandler
                0x08003d56       0x1c Drivers\STM32F7xx_HAL_Driver\stm32f7xx_hal_sdram.o
                0x08003d56                HAL_SDRAM_IRQHandler
 .text.UART_WaitOnFlagUntilTimeout
                0x08003d72       0x62 Drivers\STM32F7xx_HAL_Driver\stm32f7xx_hal_uart.o
                0x08003d72                UART_WaitOnFlagUntilTimeout
 .text.UART_SetConfig
                0x08003dd4      0x290 Drivers\STM32F7xx_HAL_Driver\stm32f7xx_hal_uart.o
                0x08003dd4                UART_SetConfig
 .text.UART_AdvFeatureConfig
                0x08004064       0xaa Drivers\STM32F7xx_HAL_Driver\stm32f7xx_hal_uart.o
                0x08004064                UART_AdvFeatureConfig
 .text.UART_CheckIdleState
                0x0800410e       0x44 Drivers\STM32F7xx_HAL_Driver\stm32f7xx_hal_uart.o
                0x0800410e                UART_CheckIdleState
 .text.HAL_UART_Init
                0x08004152       0x64 Drivers\STM32F7xx_HAL_Driver\stm32f7xx_hal_uart.o
                0x08004152                HAL_UART_Init
 .text.FMC_SDRAM_Init
                0x080041b6       0x7e Drivers\STM32F7xx_HAL_Driver\stm32f7xx_ll_fmc.o
                0x080041b6                FMC_SDRAM_Init
 .text.FMC_SDRAM_Timing_Init
                0x08004234       0x90 Drivers\STM32F7xx_HAL_Driver\stm32f7xx_ll_fmc.o
                0x08004234                FMC_SDRAM_Timing_Init
 .text.USB_CoreReset
                0x080042c4       0x30 Drivers\STM32F7xx_HAL_Driver\stm32f7xx_ll_usb.o
 .text.USB_CoreInit
                0x080042f4       0x76 Drivers\STM32F7xx_HAL_Driver\stm32f7xx_ll_usb.o
                0x080042f4                USB_CoreInit
 .text.USB_EnableGlobalInt
                0x0800436a        0xc Drivers\STM32F7xx_HAL_Driver\stm32f7xx_ll_usb.o
                0x0800436a                USB_EnableGlobalInt
 .text.USB_DisableGlobalInt
                0x08004376        0xc Drivers\STM32F7xx_HAL_Driver\stm32f7xx_ll_usb.o
                0x08004376                USB_DisableGlobalInt
 .text.USB_SetCurrentMode
                0x08004382       0x2e Drivers\STM32F7xx_HAL_Driver\stm32f7xx_ll_usb.o
                0x08004382                USB_SetCurrentMode
 .text.USB_FlushTxFifo
                0x080043b0       0x24 Drivers\STM32F7xx_HAL_Driver\stm32f7xx_ll_usb.o
                0x080043b0                USB_FlushTxFifo
 .text.USB_FlushRxFifo
                0x080043d4       0x20 Drivers\STM32F7xx_HAL_Driver\stm32f7xx_ll_usb.o
                0x080043d4                USB_FlushRxFifo
 .text.USB_SetDevSpeed
                0x080043f4        0xe Drivers\STM32F7xx_HAL_Driver\stm32f7xx_ll_usb.o
                0x080043f4                USB_SetDevSpeed
 *fill*         0x08004402        0x2 
 .text.USB_DevInit
                0x08004404      0x170 Drivers\STM32F7xx_HAL_Driver\stm32f7xx_ll_usb.o
                0x08004404                USB_DevInit
 .text.USB_GetDevSpeed
                0x08004574       0x1c Drivers\STM32F7xx_HAL_Driver\stm32f7xx_ll_usb.o
                0x08004574                USB_GetDevSpeed
 .text.USB_ActivateEndpoint
                0x08004590       0x82 Drivers\STM32F7xx_HAL_Driver\stm32f7xx_ll_usb.o
                0x08004590                USB_ActivateEndpoint
 *fill*         0x08004612        0x2 
 .text.USB_DeactivateEndpoint
                0x08004614       0x64 Drivers\STM32F7xx_HAL_Driver\stm32f7xx_ll_usb.o
                0x08004614                USB_DeactivateEndpoint
 .text.USB_EP0StartXfer
                0x08004678      0x100 Drivers\STM32F7xx_HAL_Driver\stm32f7xx_ll_usb.o
                0x08004678                USB_EP0StartXfer
 .text.USB_WritePacket
                0x08004778       0x28 Drivers\STM32F7xx_HAL_Driver\stm32f7xx_ll_usb.o
                0x08004778                USB_WritePacket
 .text.USB_EPStartXfer
                0x080047a0      0x1a4 Drivers\STM32F7xx_HAL_Driver\stm32f7xx_ll_usb.o
                0x080047a0                USB_EPStartXfer
 .text.USB_ReadPacket
                0x08004944       0x1c Drivers\STM32F7xx_HAL_Driver\stm32f7xx_ll_usb.o
                0x08004944                USB_ReadPacket
 .text.USB_EPSetStall
                0x08004960       0x5a Drivers\STM32F7xx_HAL_Driver\stm32f7xx_ll_usb.o
                0x08004960                USB_EPSetStall
 .text.USB_EPClearStall
                0x080049ba       0x56 Drivers\STM32F7xx_HAL_Driver\stm32f7xx_ll_usb.o
                0x080049ba                USB_EPClearStall
 .text.USB_SetDevAddress
                0x08004a10       0x20 Drivers\STM32F7xx_HAL_Driver\stm32f7xx_ll_usb.o
                0x08004a10                USB_SetDevAddress
 .text.USB_DevConnect
                0x08004a30       0x18 Drivers\STM32F7xx_HAL_Driver\stm32f7xx_ll_usb.o
                0x08004a30                USB_DevConnect
 .text.USB_DevDisconnect
                0x08004a48       0x18 Drivers\STM32F7xx_HAL_Driver\stm32f7xx_ll_usb.o
                0x08004a48                USB_DevDisconnect
 .text.USB_ReadInterrupts
                0x08004a60        0x8 Drivers\STM32F7xx_HAL_Driver\stm32f7xx_ll_usb.o
                0x08004a60                USB_ReadInterrupts
 .text.USB_ReadDevAllOutEpInterrupt
                0x08004a68       0x10 Drivers\STM32F7xx_HAL_Driver\stm32f7xx_ll_usb.o
                0x08004a68                USB_ReadDevAllOutEpInterrupt
 .text.USB_ReadDevAllInEpInterrupt
                0x08004a78       0x10 Drivers\STM32F7xx_HAL_Driver\stm32f7xx_ll_usb.o
                0x08004a78                USB_ReadDevAllInEpInterrupt
 .text.USB_ReadDevOutEPInterrupt
                0x08004a88       0x12 Drivers\STM32F7xx_HAL_Driver\stm32f7xx_ll_usb.o
                0x08004a88                USB_ReadDevOutEPInterrupt
 .text.USB_ReadDevInEPInterrupt
                0x08004a9a       0x24 Drivers\STM32F7xx_HAL_Driver\stm32f7xx_ll_usb.o
                0x08004a9a                USB_ReadDevInEPInterrupt
 .text.USB_GetMode
                0x08004abe        0x8 Drivers\STM32F7xx_HAL_Driver\stm32f7xx_ll_usb.o
                0x08004abe                USB_GetMode
 .text.USB_ActivateSetup
                0x08004ac6       0x36 Drivers\STM32F7xx_HAL_Driver\stm32f7xx_ll_usb.o
                0x08004ac6                USB_ActivateSetup
 .text.USB_EP0_OutStart
                0x08004afc       0x40 Drivers\STM32F7xx_HAL_Driver\stm32f7xx_ll_usb.o
                0x08004afc                USB_EP0_OutStart
 .text.USB_InitFSLSPClkSel
                0x08004b3c       0x3a Drivers\STM32F7xx_HAL_Driver\stm32f7xx_ll_usb.o
                0x08004b3c                USB_InitFSLSPClkSel
 .text.USB_ResetPort
                0x08004b76       0x3c Drivers\STM32F7xx_HAL_Driver\stm32f7xx_ll_usb.o
                0x08004b76                USB_ResetPort
 .text.USB_DriveVbus
                0x08004bb2       0x40 Drivers\STM32F7xx_HAL_Driver\stm32f7xx_ll_usb.o
                0x08004bb2                USB_DriveVbus
 *fill*         0x08004bf2        0x2 
 .text.USB_HostInit
                0x08004bf4       0xcc Drivers\STM32F7xx_HAL_Driver\stm32f7xx_ll_usb.o
                0x08004bf4                USB_HostInit
 .text.USB_GetHostSpeed
                0x08004cc0       0x16 Drivers\STM32F7xx_HAL_Driver\stm32f7xx_ll_usb.o
                0x08004cc0                USB_GetHostSpeed
 .text.USB_GetCurrentFrame
                0x08004cd6        0xa Drivers\STM32F7xx_HAL_Driver\stm32f7xx_ll_usb.o
                0x08004cd6                USB_GetCurrentFrame
 .text.USB_HC_Init
                0x08004ce0      0x112 Drivers\STM32F7xx_HAL_Driver\stm32f7xx_ll_usb.o
                0x08004ce0                USB_HC_Init
 .text.USB_HC_ReadInterrupt
                0x08004df2        0xa Drivers\STM32F7xx_HAL_Driver\stm32f7xx_ll_usb.o
                0x08004df2                USB_HC_ReadInterrupt
 .text.USB_HC_Halt
                0x08004dfc       0xa4 Drivers\STM32F7xx_HAL_Driver\stm32f7xx_ll_usb.o
                0x08004dfc                USB_HC_Halt
 .text.USB_DoPing
                0x08004ea0       0x24 Drivers\STM32F7xx_HAL_Driver\stm32f7xx_ll_usb.o
                0x08004ea0                USB_DoPing
 .text.USB_HC_StartXfer
                0x08004ec4      0x164 Drivers\STM32F7xx_HAL_Driver\stm32f7xx_ll_usb.o
                0x08004ec4                USB_HC_StartXfer
 .text.USB_StopHost
                0x08005028       0x6c Drivers\STM32F7xx_HAL_Driver\stm32f7xx_ll_usb.o
                0x08005028                USB_StopHost
 .text.FATFS_LinkDriverEx
                0x08005094       0x44 Middlewares\FatFs\ff_gen_drv.o
                0x08005094                FATFS_LinkDriverEx
 .text.FATFS_LinkDriver
                0x080050d8        0x6 Middlewares\FatFs\ff_gen_drv.o
                0x080050d8                FATFS_LinkDriver
 .text.USBD_CDC_EP0_RxReady
                0x080050de       0x28 Middlewares\USB_Device_Library\usbd_cdc.o
 *fill*         0x08005106        0x2 
 .text.USBD_CDC_GetFSCfgDesc
                0x08005108        0xc Middlewares\USB_Device_Library\usbd_cdc.o
 .text.USBD_CDC_GetHSCfgDesc
                0x08005114        0xc Middlewares\USB_Device_Library\usbd_cdc.o
 .text.USBD_CDC_GetOtherSpeedCfgDesc
                0x08005120        0xc Middlewares\USB_Device_Library\usbd_cdc.o
 .text.USBD_CDC_GetDeviceQualifierDescriptor
                0x0800512c        0xc Middlewares\USB_Device_Library\usbd_cdc.o
                0x0800512c                USBD_CDC_GetDeviceQualifierDescriptor
 .text.USBD_CDC_DataOut
                0x08005138       0x2e Middlewares\USB_Device_Library\usbd_cdc.o
 .text.USBD_CDC_DataIn
                0x08005166       0x42 Middlewares\USB_Device_Library\usbd_cdc.o
 .text.USBD_CDC_Setup
                0x080051a8       0xbc Middlewares\USB_Device_Library\usbd_cdc.o
 .text.USBD_CDC_DeInit
                0x08005264       0x42 Middlewares\USB_Device_Library\usbd_cdc.o
 .text.USBD_CDC_Init
                0x080052a6       0xaa Middlewares\USB_Device_Library\usbd_cdc.o
 .text.USBD_CDC_RegisterInterface
                0x08005350        0xe Middlewares\USB_Device_Library\usbd_cdc.o
                0x08005350                USBD_CDC_RegisterInterface
 .text.USBD_CDC_SetTxBuffer
                0x0800535e       0x10 Middlewares\USB_Device_Library\usbd_cdc.o
                0x0800535e                USBD_CDC_SetTxBuffer
 .text.USBD_CDC_SetRxBuffer
                0x0800536e        0xc Middlewares\USB_Device_Library\usbd_cdc.o
                0x0800536e                USBD_CDC_SetRxBuffer
 .text.USBD_CDC_ReceivePacket
                0x0800537a       0x26 Middlewares\USB_Device_Library\usbd_cdc.o
                0x0800537a                USBD_CDC_ReceivePacket
 .text.USBD_Init
                0x080053a0       0x2a Middlewares\USB_Device_Library\usbd_core.o
                0x080053a0                USBD_Init
 .text.USBD_RegisterClass
                0x080053ca        0xe Middlewares\USB_Device_Library\usbd_core.o
                0x080053ca                USBD_RegisterClass
 .text.USBD_Start
                0x080053d8        0xa Middlewares\USB_Device_Library\usbd_core.o
                0x080053d8                USBD_Start
 .text.USBD_SetClassConfig
                0x080053e2       0x16 Middlewares\USB_Device_Library\usbd_core.o
                0x080053e2                USBD_SetClassConfig
 .text.USBD_ClrClassConfig
                0x080053f8        0xe Middlewares\USB_Device_Library\usbd_core.o
                0x080053f8                USBD_ClrClassConfig
 .text.USBD_LL_SetupStage
                0x08005406       0x5a Middlewares\USB_Device_Library\usbd_core.o
                0x08005406                USBD_LL_SetupStage
 .text.USBD_LL_DataOutStage
                0x08005460       0x70 Middlewares\USB_Device_Library\usbd_core.o
                0x08005460                USBD_LL_DataOutStage
 .text.USBD_LL_DataInStage
                0x080054d0       0xb6 Middlewares\USB_Device_Library\usbd_core.o
                0x080054d0                USBD_LL_DataInStage
 .text.USBD_LL_Reset
                0x08005586       0x4e Middlewares\USB_Device_Library\usbd_core.o
                0x08005586                USBD_LL_Reset
 .text.USBD_LL_SetSpeed
                0x080055d4        0x6 Middlewares\USB_Device_Library\usbd_core.o
                0x080055d4                USBD_LL_SetSpeed
 .text.USBD_LL_Suspend
                0x080055da       0x12 Middlewares\USB_Device_Library\usbd_core.o
                0x080055da                USBD_LL_Suspend
 .text.USBD_LL_Resume
                0x080055ec        0xc Middlewares\USB_Device_Library\usbd_core.o
                0x080055ec                USBD_LL_Resume
 .text.USBD_LL_SOF
                0x080055f8       0x18 Middlewares\USB_Device_Library\usbd_core.o
                0x080055f8                USBD_LL_SOF
 .text.USBD_LL_IsoINIncomplete
                0x08005610        0x4 Middlewares\USB_Device_Library\usbd_core.o
                0x08005610                USBD_LL_IsoINIncomplete
 .text.USBD_LL_IsoOUTIncomplete
                0x08005614        0x4 Middlewares\USB_Device_Library\usbd_core.o
                0x08005614                USBD_LL_IsoOUTIncomplete
 .text.USBD_LL_DevConnected
                0x08005618        0x4 Middlewares\USB_Device_Library\usbd_core.o
                0x08005618                USBD_LL_DevConnected
 .text.USBD_LL_DevDisconnected
                0x0800561c       0x16 Middlewares\USB_Device_Library\usbd_core.o
                0x0800561c                USBD_LL_DevDisconnected
 .text.USBD_CtlError.constprop.1
                0x08005632       0x16 Middlewares\USB_Device_Library\usbd_ctlreq.o
 .text.USBD_StdDevReq
                0x08005648      0x244 Middlewares\USB_Device_Library\usbd_ctlreq.o
                0x08005648                USBD_StdDevReq
 .text.USBD_StdItfReq
                0x0800588c       0x4a Middlewares\USB_Device_Library\usbd_ctlreq.o
                0x0800588c                USBD_StdItfReq
 .text.USBD_StdEPReq
                0x080058d6      0x114 Middlewares\USB_Device_Library\usbd_ctlreq.o
                0x080058d6                USBD_StdEPReq
 .text.USBD_ParseSetupRequest
                0x080059ea       0x28 Middlewares\USB_Device_Library\usbd_ctlreq.o
                0x080059ea                USBD_ParseSetupRequest
 .text.USBD_CtlError
                0x08005a12       0x16 Middlewares\USB_Device_Library\usbd_ctlreq.o
                0x08005a12                USBD_CtlError
 .text.USBD_GetString
                0x08005a28       0x38 Middlewares\USB_Device_Library\usbd_ctlreq.o
                0x08005a28                USBD_GetString
 .text.USBD_CtlSendData
                0x08005a60       0x1a Middlewares\USB_Device_Library\usbd_ioreq.o
                0x08005a60                USBD_CtlSendData
 .text.USBD_CtlContinueSendData
                0x08005a7a       0x10 Middlewares\USB_Device_Library\usbd_ioreq.o
                0x08005a7a                USBD_CtlContinueSendData
 .text.USBD_CtlPrepareRx
                0x08005a8a       0x1e Middlewares\USB_Device_Library\usbd_ioreq.o
                0x08005a8a                USBD_CtlPrepareRx
 .text.USBD_CtlContinueRx
                0x08005aa8       0x10 Middlewares\USB_Device_Library\usbd_ioreq.o
                0x08005aa8                USBD_CtlContinueRx
 .text.USBD_CtlSendStatus
                0x08005ab8       0x16 Middlewares\USB_Device_Library\usbd_ioreq.o
                0x08005ab8                USBD_CtlSendStatus
 .text.USBD_CtlReceiveStatus
                0x08005ace       0x16 Middlewares\USB_Device_Library\usbd_ioreq.o
                0x08005ace                USBD_CtlReceiveStatus
 .text.DeInitStateMachine
                0x08005ae4       0x44 Middlewares\USB_Host_Library\usbh_core.o
 .text.USBH_Init
                0x08005b28       0x2e Middlewares\USB_Host_Library\usbh_core.o
                0x08005b28                USBH_Init
 .text.USBH_RegisterClass
                0x08005b56       0x1a Middlewares\USB_Host_Library\usbh_core.o
                0x08005b56                USBH_RegisterClass
 .text.USBH_SelectInterface
                0x08005b70       0x12 Middlewares\USB_Host_Library\usbh_core.o
                0x08005b70                USBH_SelectInterface
 .text.USBH_FindInterface
                0x08005b82       0x38 Middlewares\USB_Host_Library\usbh_core.o
                0x08005b82                USBH_FindInterface
 .text.USBH_Start
                0x08005bba       0x14 Middlewares\USB_Host_Library\usbh_core.o
                0x08005bba                USBH_Start
 .text.USBH_Process
                0x08005bce      0x28a Middlewares\USB_Host_Library\usbh_core.o
                0x08005bce                USBH_Process
 .text.USBH_LL_SetTimer
                0x08005e58        0x6 Middlewares\USB_Host_Library\usbh_core.o
                0x08005e58                USBH_LL_SetTimer
 .text.USBH_LL_IncTimer
                0x08005e5e       0x1c Middlewares\USB_Host_Library\usbh_core.o
                0x08005e5e                USBH_LL_IncTimer
 .text.USBH_LL_PortEnabled
                0x08005e7a        0x8 Middlewares\USB_Host_Library\usbh_core.o
                0x08005e7a                USBH_LL_PortEnabled
 .text.USBH_LL_PortDisabled
                0x08005e82        0x8 Middlewares\USB_Host_Library\usbh_core.o
                0x08005e82                USBH_LL_PortDisabled
 .text.USBH_LL_Connect
                0x08005e8a       0x28 Middlewares\USB_Host_Library\usbh_core.o
                0x08005e8a                USBH_LL_Connect
 .text.USBH_LL_Disconnect
                0x08005eb2       0x38 Middlewares\USB_Host_Library\usbh_core.o
                0x08005eb2                USBH_LL_Disconnect
 .text.USBH_CtlReq
                0x08005eea      0x182 Middlewares\USB_Host_Library\usbh_ctlreq.o
                0x08005eea                USBH_CtlReq
 .text.USBH_GetDescriptor
                0x0800606c       0x36 Middlewares\USB_Host_Library\usbh_ctlreq.o
                0x0800606c                USBH_GetDescriptor
 .text.USBH_Get_DevDesc
                0x080060a2       0x90 Middlewares\USB_Host_Library\usbh_ctlreq.o
                0x080060a2                USBH_Get_DevDesc
 .text.USBH_Get_CfgDesc
                0x08006132      0x11c Middlewares\USB_Host_Library\usbh_ctlreq.o
                0x08006132                USBH_Get_CfgDesc
 .text.USBH_Get_StringDesc
                0x0800624e       0x4e Middlewares\USB_Host_Library\usbh_ctlreq.o
                0x0800624e                USBH_Get_StringDesc
 .text.USBH_SetAddress
                0x0800629c       0x1c Middlewares\USB_Host_Library\usbh_ctlreq.o
                0x0800629c                USBH_SetAddress
 .text.USBH_SetCfg
                0x080062b8       0x1c Middlewares\USB_Host_Library\usbh_ctlreq.o
                0x080062b8                USBH_SetCfg
 .text.USBH_SetFeature
                0x080062d4       0x1c Middlewares\USB_Host_Library\usbh_ctlreq.o
                0x080062d4                USBH_SetFeature
 .text.USBH_ClrFeature
                0x080062f0       0x1c Middlewares\USB_Host_Library\usbh_ctlreq.o
                0x080062f0                USBH_ClrFeature
 .text.USBH_CtlSendSetup
                0x0800630c       0x22 Middlewares\USB_Host_Library\usbh_ioreq.o
                0x0800630c                USBH_CtlSendSetup
 .text.USBH_CtlSendData
                0x0800632e       0x2e Middlewares\USB_Host_Library\usbh_ioreq.o
                0x0800632e                USBH_CtlSendData
 .text.USBH_CtlReceiveData
                0x0800635c       0x20 Middlewares\USB_Host_Library\usbh_ioreq.o
                0x0800635c                USBH_CtlReceiveData
 .text.USBH_BulkSendData
                0x0800637c       0x30 Middlewares\USB_Host_Library\usbh_ioreq.o
                0x0800637c                USBH_BulkSendData
 .text.USBH_BulkReceiveData
                0x080063ac       0x20 Middlewares\USB_Host_Library\usbh_ioreq.o
                0x080063ac                USBH_BulkReceiveData
 .text.USBH_MSC_SOFProcess
                0x080063cc        0x4 Middlewares\USB_Host_Library\usbh_msc.o
 .text.USBH_MSC_Process
                0x080063d0      0x1c0 Middlewares\USB_Host_Library\usbh_msc.o
 .text.USBH_MSC_ClassRequest
                0x08006590       0x6c Middlewares\USB_Host_Library\usbh_msc.o
 .text.USBH_MSC_InterfaceDeInit
                0x080065fc       0x4c Middlewares\USB_Host_Library\usbh_msc.o
 .text.USBH_MSC_InterfaceInit
                0x08006648       0xf6 Middlewares\USB_Host_Library\usbh_msc.o
 .text.USBH_MSC_RdWrProcess
                0x0800673e       0x76 Middlewares\USB_Host_Library\usbh_msc.o
 .text.USBH_MSC_UnitIsReady
                0x080067b4       0x22 Middlewares\USB_Host_Library\usbh_msc.o
                0x080067b4                USBH_MSC_UnitIsReady
 .text.USBH_MSC_GetLUNInfo
                0x080067d6       0x30 Middlewares\USB_Host_Library\usbh_msc.o
                0x080067d6                USBH_MSC_GetLUNInfo
 .text.USBH_MSC_Read
                0x08006806       0x86 Middlewares\USB_Host_Library\usbh_msc.o
                0x08006806                USBH_MSC_Read
 .text.USBH_MSC_Write
                0x0800688c       0x86 Middlewares\USB_Host_Library\usbh_msc.o
                0x0800688c                USBH_MSC_Write
 .text.USBH_MSC_BOT_REQ_Reset
                0x08006912       0x16 Middlewares\USB_Host_Library\usbh_msc_bot.o
                0x08006912                USBH_MSC_BOT_REQ_Reset
 .text.USBH_MSC_BOT_REQ_GetMaxLUN
                0x08006928       0x16 Middlewares\USB_Host_Library\usbh_msc_bot.o
                0x08006928                USBH_MSC_BOT_REQ_GetMaxLUN
 *fill*         0x0800693e        0x2 
 .text.USBH_MSC_BOT_Init
                0x08006940       0x24 Middlewares\USB_Host_Library\usbh_msc_bot.o
                0x08006940                USBH_MSC_BOT_Init
 .text.USBH_MSC_BOT_Process
                0x08006964      0x1dc Middlewares\USB_Host_Library\usbh_msc_bot.o
                0x08006964                USBH_MSC_BOT_Process
 .text.USBH_MSC_SCSI_TestUnitReady
                0x08006b40       0x4c Middlewares\USB_Host_Library\usbh_msc_scsi.o
                0x08006b40                USBH_MSC_SCSI_TestUnitReady
 .text.USBH_MSC_SCSI_ReadCapacity
                0x08006b8c       0x7e Middlewares\USB_Host_Library\usbh_msc_scsi.o
                0x08006b8c                USBH_MSC_SCSI_ReadCapacity
 .text.USBH_MSC_SCSI_Inquiry
                0x08006c0a       0xdc Middlewares\USB_Host_Library\usbh_msc_scsi.o
                0x08006c0a                USBH_MSC_SCSI_Inquiry
 .text.USBH_MSC_SCSI_RequestSense
                0x08006ce6       0x92 Middlewares\USB_Host_Library\usbh_msc_scsi.o
                0x08006ce6                USBH_MSC_SCSI_RequestSense
 .text.USBH_MSC_SCSI_Write
                0x08006d78       0x8c Middlewares\USB_Host_Library\usbh_msc_scsi.o
                0x08006d78                USBH_MSC_SCSI_Write
 .text.USBH_MSC_SCSI_Read
                0x08006e04       0x8e Middlewares\USB_Host_Library\usbh_msc_scsi.o
                0x08006e04                USBH_MSC_SCSI_Read
 .text.USBH_OpenPipe
                0x08006e92       0x1e Middlewares\USB_Host_Library\usbh_pipes.o
                0x08006e92                USBH_OpenPipe
 .text.USBH_ClosePipe
                0x08006eb0        0xa Middlewares\USB_Host_Library\usbh_pipes.o
                0x08006eb0                USBH_ClosePipe
 .text.USBH_AllocPipe
                0x08006eba       0x2e Middlewares\USB_Host_Library\usbh_pipes.o
                0x08006eba                USBH_AllocPipe
 .text.USBH_FreePipe
                0x08006ee8       0x18 Middlewares\USB_Host_Library\usbh_pipes.o
                0x08006ee8                USBH_FreePipe
 .text.__libc_init_array
                0x08006f00       0x48 c:/program files (x86)/atollic/truestudio for stm32 9.1.0/armtools/bin/../lib/gcc/arm-atollic-eabi/6.3.1/../../../../arm-atollic-eabi/lib/armv7e-m/fpu/fpv5-d16\libc_nano.a(lib_a-init.o)
                0x08006f00                __libc_init_array
 .text.malloc   0x08006f48       0x10 c:/program files (x86)/atollic/truestudio for stm32 9.1.0/armtools/bin/../lib/gcc/arm-atollic-eabi/6.3.1/../../../../arm-atollic-eabi/lib/armv7e-m/fpu/fpv5-d16\libc_nano.a(lib_a-malloc.o)
                0x08006f48                malloc
 .text.free     0x08006f58       0x10 c:/program files (x86)/atollic/truestudio for stm32 9.1.0/armtools/bin/../lib/gcc/arm-atollic-eabi/6.3.1/../../../../arm-atollic-eabi/lib/armv7e-m/fpu/fpv5-d16\libc_nano.a(lib_a-malloc.o)
                0x08006f58                free
 .text.memset   0x08006f68       0x10 c:/program files (x86)/atollic/truestudio for stm32 9.1.0/armtools/bin/../lib/gcc/arm-atollic-eabi/6.3.1/../../../../arm-atollic-eabi/lib/armv7e-m/fpu/fpv5-d16\libc_nano.a(lib_a-memset.o)
                0x08006f68                memset
 .text._free_r  0x08006f78       0x9c c:/program files (x86)/atollic/truestudio for stm32 9.1.0/armtools/bin/../lib/gcc/arm-atollic-eabi/6.3.1/../../../../arm-atollic-eabi/lib/armv7e-m/fpu/fpv5-d16\libc_nano.a(lib_a-nano-freer.o)
                0x08006f78                _free_r
 .text._malloc_r
                0x08007014       0xbc c:/program files (x86)/atollic/truestudio for stm32 9.1.0/armtools/bin/../lib/gcc/arm-atollic-eabi/6.3.1/../../../../arm-atollic-eabi/lib/armv7e-m/fpu/fpv5-d16\libc_nano.a(lib_a-nano-mallocr.o)
                0x08007014                _malloc_r
 .text._sbrk_r  0x080070d0       0x20 c:/program files (x86)/atollic/truestudio for stm32 9.1.0/armtools/bin/../lib/gcc/arm-atollic-eabi/6.3.1/../../../../arm-atollic-eabi/lib/armv7e-m/fpu/fpv5-d16\libc_nano.a(lib_a-sbrkr.o)
                0x080070d0                _sbrk_r
 .text.__malloc_lock
                0x080070f0        0x2 c:/program files (x86)/atollic/truestudio for stm32 9.1.0/armtools/bin/../lib/gcc/arm-atollic-eabi/6.3.1/../../../../arm-atollic-eabi/lib/armv7e-m/fpu/fpv5-d16\libc_nano.a(lib_a-mlock.o)
                0x080070f0                __malloc_lock
 .text.__malloc_unlock
                0x080070f2        0x2 c:/program files (x86)/atollic/truestudio for stm32 9.1.0/armtools/bin/../lib/gcc/arm-atollic-eabi/6.3.1/../../../../arm-atollic-eabi/lib/armv7e-m/fpu/fpv5-d16\libc_nano.a(lib_a-mlock.o)
                0x080070f2                __malloc_unlock
 .text._sbrk    0x080070f4       0x1c c:/program files (x86)/atollic/truestudio for stm32 9.1.0/armtools/bin/../lib/gcc/arm-atollic-eabi/6.3.1/../../../../arm-atollic-eabi/lib/armv7e-m/fpu/fpv5-d16\libnosys.a(sbrk.o)
                0x080070f4                _sbrk
 *(.glue_7)
 .glue_7        0x08007110        0x0 linker stubs
 *(.glue_7t)
 .glue_7t       0x08007110        0x0 linker stubs
 *(.eh_frame)
 .eh_frame      0x08007110        0x0 c:/program files (x86)/atollic/truestudio for stm32 9.1.0/armtools/bin/../lib/gcc/arm-atollic-eabi/6.3.1/armv7e-m/fpu/fpv5-d16/crtbegin.o
 *(.init)
 .init          0x08007110        0x4 c:/program files (x86)/atollic/truestudio for stm32 9.1.0/armtools/bin/../lib/gcc/arm-atollic-eabi/6.3.1/armv7e-m/fpu/fpv5-d16/crti.o
                0x08007110                _init
 .init          0x08007114        0x8 c:/program files (x86)/atollic/truestudio for stm32 9.1.0/armtools/bin/../lib/gcc/arm-atollic-eabi/6.3.1/armv7e-m/fpu/fpv5-d16/crtn.o
 *(.fini)
 .fini          0x0800711c        0x4 c:/program files (x86)/atollic/truestudio for stm32 9.1.0/armtools/bin/../lib/gcc/arm-atollic-eabi/6.3.1/armv7e-m/fpu/fpv5-d16/crti.o
                0x0800711c                _fini
 .fini          0x08007120        0x8 c:/program files (x86)/atollic/truestudio for stm32 9.1.0/armtools/bin/../lib/gcc/arm-atollic-eabi/6.3.1/armv7e-m/fpu/fpv5-d16/crtn.o
                0x08007128                . = ALIGN (0x4)
                0x08007128                _etext = .

.vfp11_veneer   0x08007128        0x0
 .vfp11_veneer  0x08007128        0x0 linker stubs

.v4_bx          0x08007128        0x0
 .v4_bx         0x08007128        0x0 linker stubs

.iplt           0x08007128        0x0
 .iplt          0x08007128        0x0 c:/program files (x86)/atollic/truestudio for stm32 9.1.0/armtools/bin/../lib/gcc/arm-atollic-eabi/6.3.1/armv7e-m/fpu/fpv5-d16/crtbegin.o

.rodata         0x08007128      0x13c
                0x08007128                . = ALIGN (0x4)
 *(.rodata)
 *(.rodata*)
 .rodata.MX_CRC_Init.str1.1
                0x08007128       0x13 Application\User\crc.o
 .rodata.MX_DCMI_Init.str1.1
                0x0800713b       0x14 Application\User\dcmi.o
 .rodata.MX_FMC_Init.str1.1
                0x0800714f       0x13 Application\User\fmc.o
 .rodata.MX_I2C1_Init.str1.1
                0x08007162       0x13 Application\User\i2c.o
 .rodata.MX_USART2_UART_Init.str1.1
                0x08007175       0x15 Application\User\usart.o
 .rodata.CSWTCH.39
                0x0800718a        0x4 Application\User\usbd_conf.o
 .rodata.USBD_LL_Init.str1.1
                0x0800718e       0x19 Application\User\usbd_conf.o
 .rodata.USBD_HS_ConfigStrDescriptor.str1.1
                0x080071a7        0xb Application\User\usbd_desc.o
 .rodata.USBD_HS_InterfaceStrDescriptor.str1.1
                0x080071b2        0xe Application\User\usbd_desc.o
 .rodata.USBD_HS_ManufacturerStrDescriptor.str1.1
                0x080071c0       0x13 Application\User\usbd_desc.o
 .rodata.USBD_HS_ProductStrDescriptor.str1.1
                0x080071d3       0x16 Application\User\usbd_desc.o
 .rodata.USBD_HS_SerialStrDescriptor.str1.1
                0x080071e9        0xd Application\User\usbd_desc.o
 .rodata.CSWTCH.20
                0x080071f6        0x3 Application\User\usbh_conf.o
 .rodata.CSWTCH.29
                0x080071f9        0x4 Application\User\usbh_conf.o
 .rodata.USBH_LL_Init.str1.1
                0x080071fd       0x19 Application\User\usbh_conf.o
 *fill*         0x08007216        0x2 
 .rodata.USBH_Driver
                0x08007218       0x14 Application\User\usbh_diskio.o
                0x08007218                USBH_Driver
 .rodata.AHBPrescTable
                0x0800722c       0x10 Drivers\CMSIS\system_stm32f7xx.o
                0x0800722c                AHBPrescTable
 .rodata.APBPrescTable
                0x0800723c        0x8 Drivers\CMSIS\system_stm32f7xx.o
                0x0800723c                APBPrescTable
 .rodata.flagBitshiftOffset.9918
                0x08007244        0x8 Drivers\STM32F7xx_HAL_Driver\stm32f7xx_hal_dma.o
 .rodata.CSWTCH.38
                0x0800724c        0x4 Drivers\STM32F7xx_HAL_Driver\stm32f7xx_hal_uart.o
 .rodata.CSWTCH.39
                0x08007250        0xd Drivers\STM32F7xx_HAL_Driver\stm32f7xx_hal_uart.o
 .rodata.str1.1
                0x0800725d        0x4 Middlewares\USB_Host_Library\usbh_msc.o
                0x08007264                . = ALIGN (0x4)
 *fill*         0x08007261        0x3 

.ARM.extab
 *(.ARM.extab* .gnu.linkonce.armextab.*)

.ARM            0x08007264        0x8
                0x08007264                __exidx_start = .
 *(.ARM.exidx*)
 .ARM.exidx     0x08007264        0x8 c:/program files (x86)/atollic/truestudio for stm32 9.1.0/armtools/bin/../lib/gcc/arm-atollic-eabi/6.3.1/armv7e-m/fpu/fpv5-d16\libgcc.a(_udivmoddi4.o)
                0x0800726c                __exidx_end = .

.rel.dyn        0x0800726c        0x0
 .rel.iplt      0x0800726c        0x0 c:/program files (x86)/atollic/truestudio for stm32 9.1.0/armtools/bin/../lib/gcc/arm-atollic-eabi/6.3.1/armv7e-m/fpu/fpv5-d16/crtbegin.o

.preinit_array  0x0800726c        0x0
                0x0800726c                PROVIDE (__preinit_array_start, .)
 *(.preinit_array*)
                0x0800726c                PROVIDE (__preinit_array_end, .)

.init_array     0x0800726c        0x4
                0x0800726c                PROVIDE (__init_array_start, .)
 *(SORT(.init_array.*))
 *(.init_array*)
 .init_array    0x0800726c        0x4 c:/program files (x86)/atollic/truestudio for stm32 9.1.0/armtools/bin/../lib/gcc/arm-atollic-eabi/6.3.1/armv7e-m/fpu/fpv5-d16/crtbegin.o
                0x08007270                PROVIDE (__init_array_end, .)

.fini_array     0x08007270        0x4
                [!provide]                PROVIDE (__fini_array_start, .)
 *(SORT(.fini_array.*))
 *(.fini_array*)
 .fini_array    0x08007270        0x4 c:/program files (x86)/atollic/truestudio for stm32 9.1.0/armtools/bin/../lib/gcc/arm-atollic-eabi/6.3.1/armv7e-m/fpu/fpv5-d16/crtbegin.o
                [!provide]                PROVIDE (__fini_array_end, .)
                0x08007274                _sidata = LOADADDR (.data)

.data           0x20000000      0x1f4 load address 0x08007274
                0x20000000                . = ALIGN (0x4)
                0x20000000                _sdata = .
 *(.data)
 *(.data*)
 .data.USBD_Interface_fops_HS
                0x20000000       0x10 Application\User\usbd_cdc_if.o
                0x20000000                USBD_Interface_fops_HS
 .data.HS_Desc  0x20000010       0x20 Application\User\usbd_desc.o
                0x20000010                HS_Desc
 .data.USBD_HS_BOSDesc
                0x20000030        0xc Application\User\usbd_desc.o
                0x20000030                USBD_HS_BOSDesc
 .data.USBD_HS_DeviceDesc
                0x2000003c       0x12 Application\User\usbd_desc.o
                0x2000003c                USBD_HS_DeviceDesc
 *fill*         0x2000004e        0x2 
 .data.USBD_LangIDDesc
                0x20000050        0x4 Application\User\usbd_desc.o
                0x20000050                USBD_LangIDDesc
 .data.SystemCoreClock
                0x20000054        0x4 Drivers\CMSIS\system_stm32f7xx.o
                0x20000054                SystemCoreClock
 .data.uwTickFreq
                0x20000058        0x1 Drivers\STM32F7xx_HAL_Driver\stm32f7xx_hal.o
                0x20000058                uwTickFreq
 *fill*         0x20000059        0x3 
 .data.uwTickPrio
                0x2000005c        0x4 Drivers\STM32F7xx_HAL_Driver\stm32f7xx_hal.o
                0x2000005c                uwTickPrio
 .data.USBD_CDC
                0x20000060       0x38 Middlewares\USB_Device_Library\usbd_cdc.o
                0x20000060                USBD_CDC
 .data.USBD_CDC_CfgFSDesc
                0x20000098       0x43 Middlewares\USB_Device_Library\usbd_cdc.o
                0x20000098                USBD_CDC_CfgFSDesc
 *fill*         0x200000db        0x1 
 .data.USBD_CDC_CfgHSDesc
                0x200000dc       0x43 Middlewares\USB_Device_Library\usbd_cdc.o
                0x200000dc                USBD_CDC_CfgHSDesc
 *fill*         0x2000011f        0x1 
 .data.USBD_CDC_DeviceQualifierDesc
                0x20000120        0xa Middlewares\USB_Device_Library\usbd_cdc.o
 *fill*         0x2000012a        0x2 
 .data.USBD_CDC_OtherSpeedCfgDesc
                0x2000012c       0x43 Middlewares\USB_Device_Library\usbd_cdc.o
                0x2000012c                USBD_CDC_OtherSpeedCfgDesc
 *fill*         0x2000016f        0x1 
 .data.USBH_msc
                0x20000170       0x20 Middlewares\USB_Host_Library\usbh_msc.o
                0x20000170                USBH_msc
 .data._impure_ptr
                0x20000190        0x4 c:/program files (x86)/atollic/truestudio for stm32 9.1.0/armtools/bin/../lib/gcc/arm-atollic-eabi/6.3.1/../../../../arm-atollic-eabi/lib/armv7e-m/fpu/fpv5-d16\libc_nano.a(lib_a-impure.o)
                0x20000190                _impure_ptr
 .data.impure_data
                0x20000194       0x60 c:/program files (x86)/atollic/truestudio for stm32 9.1.0/armtools/bin/../lib/gcc/arm-atollic-eabi/6.3.1/../../../../arm-atollic-eabi/lib/armv7e-m/fpu/fpv5-d16\libc_nano.a(lib_a-impure.o)
                0x200001f4                . = ALIGN (0x4)
                0x200001f4                _edata = .

.igot.plt       0x200001f4        0x0 load address 0x08007468
 .igot.plt      0x200001f4        0x0 c:/program files (x86)/atollic/truestudio for stm32 9.1.0/armtools/bin/../lib/gcc/arm-atollic-eabi/6.3.1/armv7e-m/fpu/fpv5-d16/crtbegin.o
                0x200001f4                . = ALIGN (0x4)

.bss            0x200001f4     0x1824 load address 0x08007468
                0x200001f4                _sbss = .
                0x200001f4                __bss_start__ = _sbss
 *(.bss)
 .bss           0x200001f4       0x1c c:/program files (x86)/atollic/truestudio for stm32 9.1.0/armtools/bin/../lib/gcc/arm-atollic-eabi/6.3.1/armv7e-m/fpu/fpv5-d16/crtbegin.o
 *(.bss*)
 .bss.FMC_Initialized
                0x20000210        0x4 Application\User\fmc.o
 .bss.Appli_state
                0x20000214        0x1 Application\User\usb_host.o
                0x20000214                Appli_state
 *fill*         0x20000215        0x3 
 .bss.tmpreg.10064
                0x20000218        0x4 Drivers\STM32F7xx_HAL_Driver\stm32f7xx_ll_usb.o
 .bss.disk      0x2000021c        0xc Middlewares\FatFs\ff_gen_drv.o
                0x2000021c                disk
 .bss.cfgidx.10756
                0x20000228        0x1 Middlewares\USB_Device_Library\usbd_ctlreq.o
 *fill*         0x20000229        0x3 
 .bss.__malloc_free_list
                0x2000022c        0x4 c:/program files (x86)/atollic/truestudio for stm32 9.1.0/armtools/bin/../lib/gcc/arm-atollic-eabi/6.3.1/../../../../arm-atollic-eabi/lib/armv7e-m/fpu/fpv5-d16\libc_nano.a(lib_a-nano-mallocr.o)
                0x2000022c                __malloc_free_list
 .bss.__malloc_sbrk_start
                0x20000230        0x4 c:/program files (x86)/atollic/truestudio for stm32 9.1.0/armtools/bin/../lib/gcc/arm-atollic-eabi/6.3.1/../../../../arm-atollic-eabi/lib/armv7e-m/fpu/fpv5-d16\libc_nano.a(lib_a-nano-mallocr.o)
                0x20000230                __malloc_sbrk_start
 .bss.heap_end.5239
                0x20000234        0x4 c:/program files (x86)/atollic/truestudio for stm32 9.1.0/armtools/bin/../lib/gcc/arm-atollic-eabi/6.3.1/../../../../arm-atollic-eabi/lib/armv7e-m/fpu/fpv5-d16\libnosys.a(sbrk.o)
 *(COMMON)
 COMMON         0x20000238       0x24 Application\User\crc.o
                0x20000238                hcrc
 COMMON         0x2000025c       0xb0 Application\User\dcmi.o
                0x2000025c                hdma_dcmi
                0x200002bc                hdcmi
 COMMON         0x2000030c      0x469 Application\User\fatfs.o
                0x2000030c                USBHPath
                0x20000310                USBHFile
                0x20000540                USBHFatFS
                0x20000774                retUSBH
 *fill*         0x20000775        0x3 
 COMMON         0x20000778       0x34 Application\User\fmc.o
                0x20000778                hsdram1
 COMMON         0x200007ac       0x4c Application\User\i2c.o
                0x200007ac                hi2c1
 COMMON         0x200007f8       0x70 Application\User\usart.o
                0x200007f8                huart2
 COMMON         0x20000868      0x29c Application\User\usb_device.o
                0x20000868                hUsbDeviceHS
 COMMON         0x20000b04      0x3cc Application\User\usb_host.o
                0x20000b04                hUsbHostFS
 COMMON         0x20000ed0      0x280 Application\User\usbd_cdc_if.o
                0x20000ed0                UserRxBufferHS
                0x20000f50                UserTxBufferHS
 COMMON         0x20001150      0x400 Application\User\usbd_conf.o
                0x20001150                hpcd_USB_OTG_HS
 COMMON         0x20001550      0x200 Application\User\usbd_desc.o
                0x20001550                USBD_StrDesc
 COMMON         0x20001750      0x2c0 Application\User\usbh_conf.o
                0x20001750                hhcd_USB_OTG_FS
 COMMON         0x20001a10        0x4 Drivers\STM32F7xx_HAL_Driver\stm32f7xx_hal.o
                0x20001a10                uwTick
 COMMON         0x20001a14        0x4 c:/program files (x86)/atollic/truestudio for stm32 9.1.0/armtools/bin/../lib/gcc/arm-atollic-eabi/6.3.1/../../../../arm-atollic-eabi/lib/armv7e-m/fpu/fpv5-d16\libc_nano.a(lib_a-reent.o)
                0x20001a14                errno
                0x20001a18                . = ALIGN (0x4)
                0x20001a18                _ebss = .
                0x20001a18                __bss_end__ = _ebss

._user_heap_stack
                0x20001a18    0x22000 load address 0x08007468
                0x20001a18                . = ALIGN (0x4)
                0x20001a18                PROVIDE (end, .)
                [!provide]                PROVIDE (_end, .)
                0x20011a18                . = (. + _Min_Heap_Size)
 *fill*         0x20001a18    0x10000 
                0x20023a18                . = (. + _Min_Stack_Size)
 *fill*         0x20011a18    0x12000 
                0x20023a18                . = ALIGN (0x4)

/DISCARD/
 libc.a(*)
 libm.a(*)
 libgcc.a(*)

.ARM.attributes
                0x00000000       0x2e
 *(.ARM.attributes)
 .ARM.attributes
                0x00000000       0x20 c:/program files (x86)/atollic/truestudio for stm32 9.1.0/armtools/bin/../lib/gcc/arm-atollic-eabi/6.3.1/armv7e-m/fpu/fpv5-d16/crti.o
 .ARM.attributes
                0x00000020       0x32 c:/program files (x86)/atollic/truestudio for stm32 9.1.0/armtools/bin/../lib/gcc/arm-atollic-eabi/6.3.1/armv7e-m/fpu/fpv5-d16/crtbegin.o
 .ARM.attributes
                0x00000052       0x21 Application\TrueSTUDIO\startup_stm32f767xx.o
 .ARM.attributes
                0x00000073       0x37 Application\User\crc.o
 .ARM.attributes
                0x000000aa       0x37 Application\User\dcmi.o
 .ARM.attributes
                0x000000e1       0x37 Application\User\dma.o
 .ARM.attributes
                0x00000118       0x37 Application\User\fatfs.o
 .ARM.attributes
                0x0000014f       0x37 Application\User\fmc.o
 .ARM.attributes
                0x00000186       0x37 Application\User\gpio.o
 .ARM.attributes
                0x000001bd       0x37 Application\User\i2c.o
 .ARM.attributes
                0x000001f4       0x37 Application\User\libjpeg.o
 .ARM.attributes
                0x0000022b       0x37 Application\User\main.o
 .ARM.attributes
                0x00000262       0x37 Application\User\stm32f7xx_hal_msp.o
 .ARM.attributes
                0x00000299       0x37 Application\User\stm32f7xx_it.o
 .ARM.attributes
                0x000002d0       0x37 Application\User\usart.o
 .ARM.attributes
                0x00000307       0x37 Application\User\usb_device.o
 .ARM.attributes
                0x0000033e       0x37 Application\User\usb_host.o
 .ARM.attributes
                0x00000375       0x37 Application\User\usbd_cdc_if.o
 .ARM.attributes
                0x000003ac       0x37 Application\User\usbd_conf.o
 .ARM.attributes
                0x000003e3       0x37 Application\User\usbd_desc.o
 .ARM.attributes
                0x0000041a       0x37 Application\User\usbh_conf.o
 .ARM.attributes
                0x00000451       0x37 Application\User\usbh_diskio.o
 .ARM.attributes
                0x00000488       0x37 Drivers\CMSIS\system_stm32f7xx.o
 .ARM.attributes
                0x000004bf       0x37 Drivers\STM32F7xx_HAL_Driver\stm32f7xx_hal.o
 .ARM.attributes
                0x000004f6       0x37 Drivers\STM32F7xx_HAL_Driver\stm32f7xx_hal_cortex.o
 .ARM.attributes
                0x0000052d       0x37 Drivers\STM32F7xx_HAL_Driver\stm32f7xx_hal_crc.o
 .ARM.attributes
                0x00000564       0x37 Drivers\STM32F7xx_HAL_Driver\stm32f7xx_hal_crc_ex.o
 .ARM.attributes
                0x0000059b       0x37 Drivers\STM32F7xx_HAL_Driver\stm32f7xx_hal_dcmi.o
 .ARM.attributes
                0x000005d2       0x37 Drivers\STM32F7xx_HAL_Driver\stm32f7xx_hal_dma.o
 .ARM.attributes
                0x00000609       0x37 Drivers\STM32F7xx_HAL_Driver\stm32f7xx_hal_gpio.o
 .ARM.attributes
                0x00000640       0x37 Drivers\STM32F7xx_HAL_Driver\stm32f7xx_hal_hcd.o
 .ARM.attributes
                0x00000677       0x37 Drivers\STM32F7xx_HAL_Driver\stm32f7xx_hal_i2c.o
 .ARM.attributes
                0x000006ae       0x37 Drivers\STM32F7xx_HAL_Driver\stm32f7xx_hal_i2c_ex.o
 .ARM.attributes
                0x000006e5       0x37 Drivers\STM32F7xx_HAL_Driver\stm32f7xx_hal_pcd.o
 .ARM.attributes
                0x0000071c       0x37 Drivers\STM32F7xx_HAL_Driver\stm32f7xx_hal_pcd_ex.o
 .ARM.attributes
                0x00000753       0x37 Drivers\STM32F7xx_HAL_Driver\stm32f7xx_hal_pwr_ex.o
 .ARM.attributes
                0x0000078a       0x37 Drivers\STM32F7xx_HAL_Driver\stm32f7xx_hal_rcc.o
 .ARM.attributes
                0x000007c1       0x37 Drivers\STM32F7xx_HAL_Driver\stm32f7xx_hal_rcc_ex.o
 .ARM.attributes
                0x000007f8       0x37 Drivers\STM32F7xx_HAL_Driver\stm32f7xx_hal_sdram.o
 .ARM.attributes
                0x0000082f       0x37 Drivers\STM32F7xx_HAL_Driver\stm32f7xx_hal_uart.o
 .ARM.attributes
                0x00000866       0x37 Drivers\STM32F7xx_HAL_Driver\stm32f7xx_ll_fmc.o
 .ARM.attributes
                0x0000089d       0x37 Drivers\STM32F7xx_HAL_Driver\stm32f7xx_ll_usb.o
 .ARM.attributes
                0x000008d4       0x37 Middlewares\FatFs\ff_gen_drv.o
 .ARM.attributes
                0x0000090b       0x37 Middlewares\USB_Device_Library\usbd_cdc.o
 .ARM.attributes
                0x00000942       0x37 Middlewares\USB_Device_Library\usbd_core.o
 .ARM.attributes
                0x00000979       0x37 Middlewares\USB_Device_Library\usbd_ctlreq.o
 .ARM.attributes
                0x000009b0       0x37 Middlewares\USB_Device_Library\usbd_ioreq.o
 .ARM.attributes
                0x000009e7       0x37 Middlewares\USB_Host_Library\usbh_core.o
 .ARM.attributes
                0x00000a1e       0x37 Middlewares\USB_Host_Library\usbh_ctlreq.o
 .ARM.attributes
                0x00000a55       0x37 Middlewares\USB_Host_Library\usbh_ioreq.o
 .ARM.attributes
                0x00000a8c       0x37 Middlewares\USB_Host_Library\usbh_msc.o
 .ARM.attributes
                0x00000ac3       0x37 Middlewares\USB_Host_Library\usbh_msc_bot.o
 .ARM.attributes
                0x00000afa       0x37 Middlewares\USB_Host_Library\usbh_msc_scsi.o
 .ARM.attributes
                0x00000b31       0x37 Middlewares\USB_Host_Library\usbh_pipes.o
 .ARM.attributes
                0x00000b68       0x32 c:/program files (x86)/atollic/truestudio for stm32 9.1.0/armtools/bin/../lib/gcc/arm-atollic-eabi/6.3.1/../../../../arm-atollic-eabi/lib/armv7e-m/fpu/fpv5-d16\libc_nano.a(lib_a-init.o)
 .ARM.attributes
                0x00000b9a       0x32 c:/program files (x86)/atollic/truestudio for stm32 9.1.0/armtools/bin/../lib/gcc/arm-atollic-eabi/6.3.1/../../../../arm-atollic-eabi/lib/armv7e-m/fpu/fpv5-d16\libc_nano.a(lib_a-malloc.o)
 .ARM.attributes
                0x00000bcc       0x32 c:/program files (x86)/atollic/truestudio for stm32 9.1.0/armtools/bin/../lib/gcc/arm-atollic-eabi/6.3.1/../../../../arm-atollic-eabi/lib/armv7e-m/fpu/fpv5-d16\libc_nano.a(lib_a-memset.o)
 .ARM.attributes
                0x00000bfe       0x32 c:/program files (x86)/atollic/truestudio for stm32 9.1.0/armtools/bin/../lib/gcc/arm-atollic-eabi/6.3.1/../../../../arm-atollic-eabi/lib/armv7e-m/fpu/fpv5-d16\libc_nano.a(lib_a-nano-freer.o)
 .ARM.attributes
                0x00000c30       0x32 c:/program files (x86)/atollic/truestudio for stm32 9.1.0/armtools/bin/../lib/gcc/arm-atollic-eabi/6.3.1/../../../../arm-atollic-eabi/lib/armv7e-m/fpu/fpv5-d16\libc_nano.a(lib_a-nano-mallocr.o)
 .ARM.attributes
                0x00000c62       0x32 c:/program files (x86)/atollic/truestudio for stm32 9.1.0/armtools/bin/../lib/gcc/arm-atollic-eabi/6.3.1/../../../../arm-atollic-eabi/lib/armv7e-m/fpu/fpv5-d16\libc_nano.a(lib_a-sbrkr.o)
 .ARM.attributes
                0x00000c94       0x32 c:/program files (x86)/atollic/truestudio for stm32 9.1.0/armtools/bin/../lib/gcc/arm-atollic-eabi/6.3.1/../../../../arm-atollic-eabi/lib/armv7e-m/fpu/fpv5-d16\libc_nano.a(lib_a-impure.o)
 .ARM.attributes
                0x00000cc6       0x32 c:/program files (x86)/atollic/truestudio for stm32 9.1.0/armtools/bin/../lib/gcc/arm-atollic-eabi/6.3.1/../../../../arm-atollic-eabi/lib/armv7e-m/fpu/fpv5-d16\libc_nano.a(lib_a-mlock.o)
 .ARM.attributes
                0x00000cf8       0x32 c:/program files (x86)/atollic/truestudio for stm32 9.1.0/armtools/bin/../lib/gcc/arm-atollic-eabi/6.3.1/../../../../arm-atollic-eabi/lib/armv7e-m/fpu/fpv5-d16\libc_nano.a(lib_a-reent.o)
 .ARM.attributes
                0x00000d2a       0x20 c:/program files (x86)/atollic/truestudio for stm32 9.1.0/armtools/bin/../lib/gcc/arm-atollic-eabi/6.3.1/armv7e-m/fpu/fpv5-d16\libgcc.a(_aeabi_uldivmod.o)
 .ARM.attributes
                0x00000d4a       0x32 c:/program files (x86)/atollic/truestudio for stm32 9.1.0/armtools/bin/../lib/gcc/arm-atollic-eabi/6.3.1/armv7e-m/fpu/fpv5-d16\libgcc.a(_udivmoddi4.o)
 .ARM.attributes
                0x00000d7c       0x20 c:/program files (x86)/atollic/truestudio for stm32 9.1.0/armtools/bin/../lib/gcc/arm-atollic-eabi/6.3.1/armv7e-m/fpu/fpv5-d16\libgcc.a(_dvmd_tls.o)
 .ARM.attributes
                0x00000d9c       0x32 c:/program files (x86)/atollic/truestudio for stm32 9.1.0/armtools/bin/../lib/gcc/arm-atollic-eabi/6.3.1/../../../../arm-atollic-eabi/lib/armv7e-m/fpu/fpv5-d16\libnosys.a(sbrk.o)
 .ARM.attributes
                0x00000dce       0x20 c:/program files (x86)/atollic/truestudio for stm32 9.1.0/armtools/bin/../lib/gcc/arm-atollic-eabi/6.3.1/armv7e-m/fpu/fpv5-d16/crtn.o
OUTPUT(DemoAll.elf elf32-littlearm)

.debug_line     0x00000000    0x10513
 .debug_line    0x00000000       0x7a Application\TrueSTUDIO\startup_stm32f767xx.o
 .debug_line    0x0000007a      0x2e4 Application\User\crc.o
 .debug_line    0x0000035e      0x3bb Application\User\dcmi.o
 .debug_line    0x00000719      0x294 Application\User\dma.o
 .debug_line    0x000009ad      0x3d7 Application\User\fatfs.o
 .debug_line    0x00000d84      0x400 Application\User\fmc.o
 .debug_line    0x00001184      0x2ca Application\User\gpio.o
 .debug_line    0x0000144e      0x346 Application\User\i2c.o
 .debug_line    0x00001794      0x343 Application\User\libjpeg.o
 .debug_line    0x00001ad7      0x6bd Application\User\main.o
 .debug_line    0x00002194      0x2a8 Application\User\stm32f7xx_hal_msp.o
 .debug_line    0x0000243c      0x408 Application\User\stm32f7xx_it.o
 .debug_line    0x00002844      0x32e Application\User\usart.o
 .debug_line    0x00002b72      0x38b Application\User\usb_device.o
 .debug_line    0x00002efd      0x39b Application\User\usb_host.o
 .debug_line    0x00003298      0x3ab Application\User\usbd_cdc_if.o
 .debug_line    0x00003643      0x64e Application\User\usbd_conf.o
 .debug_line    0x00003c91      0x39e Application\User\usbd_desc.o
 .debug_line    0x0000402f      0x5b0 Application\User\usbh_conf.o
 .debug_line    0x000045df      0x44b Application\User\usbh_diskio.o
 .debug_line    0x00004a2a      0x286 Drivers\CMSIS\system_stm32f7xx.o
 .debug_line    0x00004cb0      0x4fa Drivers\STM32F7xx_HAL_Driver\stm32f7xx_hal.o
 .debug_line    0x000051aa      0x4fb Drivers\STM32F7xx_HAL_Driver\stm32f7xx_hal_cortex.o
 .debug_line    0x000056a5      0x44c Drivers\STM32F7xx_HAL_Driver\stm32f7xx_hal_crc.o
 .debug_line    0x00005af1      0x31e Drivers\STM32F7xx_HAL_Driver\stm32f7xx_hal_crc_ex.o
 .debug_line    0x00005e0f      0x5f0 Drivers\STM32F7xx_HAL_Driver\stm32f7xx_hal_dcmi.o
 .debug_line    0x000063ff      0x626 Drivers\STM32F7xx_HAL_Driver\stm32f7xx_hal_dma.o
 .debug_line    0x00006a25      0x4c0 Drivers\STM32F7xx_HAL_Driver\stm32f7xx_hal_gpio.o
 .debug_line    0x00006ee5      0x697 Drivers\STM32F7xx_HAL_Driver\stm32f7xx_hal_hcd.o
 .debug_line    0x0000757c     0x15b3 Drivers\STM32F7xx_HAL_Driver\stm32f7xx_hal_i2c.o
 .debug_line    0x00008b2f      0x38f Drivers\STM32F7xx_HAL_Driver\stm32f7xx_hal_i2c_ex.o
 .debug_line    0x00008ebe      0x7cf Drivers\STM32F7xx_HAL_Driver\stm32f7xx_hal_pcd.o
 .debug_line    0x0000968d      0x36b Drivers\STM32F7xx_HAL_Driver\stm32f7xx_hal_pcd_ex.o
 .debug_line    0x000099f8      0x454 Drivers\STM32F7xx_HAL_Driver\stm32f7xx_hal_pwr_ex.o
 .debug_line    0x00009e4c      0x66e Drivers\STM32F7xx_HAL_Driver\stm32f7xx_hal_rcc.o
 .debug_line    0x0000a4ba      0x529 Drivers\STM32F7xx_HAL_Driver\stm32f7xx_hal_rcc_ex.o
 .debug_line    0x0000a9e3      0x5ff Drivers\STM32F7xx_HAL_Driver\stm32f7xx_hal_sdram.o
 .debug_line    0x0000afe2      0xc53 Drivers\STM32F7xx_HAL_Driver\stm32f7xx_hal_uart.o
 .debug_line    0x0000bc35      0x59a Drivers\STM32F7xx_HAL_Driver\stm32f7xx_ll_fmc.o
 .debug_line    0x0000c1cf      0x9dc Drivers\STM32F7xx_HAL_Driver\stm32f7xx_ll_usb.o
 .debug_line    0x0000cbab      0x3f5 Middlewares\FatFs\ff_gen_drv.o
 .debug_line    0x0000cfa0      0x5c6 Middlewares\USB_Device_Library\usbd_cdc.o
 .debug_line    0x0000d566      0x530 Middlewares\USB_Device_Library\usbd_core.o